192.168.6.236 - - [02/Sep/2019:20:31:53 +0800] "GET /nacos/v1/ns/instance/list?healthyOnly=false&namespaceId=public&clientIP=192.168.6.236&serviceName=DEFAULT_GROUP%40%40service-provider&udpPort=62524&encoding=UTF-8 HTTP/1.1" 200 583 1 Nacos-Java-Client:v1.0.0
127.0.0.1 - - [02/Sep/2019:20:31:53 +0800] "GET /nacos/v1/ns/instance/list?healthyOnly=false&namespaceId=public&clientIP=192.168.6.236&serviceName=DEFAULT_GROUP%40%40service-provider&udpPort=49970&encoding=UTF-8 HTTP/1.1" 200 583 2 Nacos-Java-Client:v1.0.1
192.168.6.236 - - [02/Sep/2019:20:31:54 +0800] "GET /nacos/v1/cs/health HTTP/1.1" 200 2 1 Apache-HttpAsyncClient/4.1.3 (Java/1.8.0_191)
192.168.6.236 - - [02/Sep/2019:20:31:56 +0800] "GET /nacos/v1/ns/catalog/services?hasIpCount=true&withInstances=false&pageNo=1&pageSize=10&keyword=&namespaceId= HTTP/1.1" 200 148 2 Mozilla/5.0 (Windows NT 10.0; Win64; x64) AppleWebKit/537.36 (KHTML, like Gecko) Chrome/76.0.3809.132 Safari/537.36
192.168.6.236 - - [02/Sep/2019:20:31:56 +0800] "GET /nacos/ HTTP/1.1" 304 - 3 Mozilla/5.0 (Windows NT 10.0; Win64; x64) AppleWebKit/537.36 (KHTML, like Gecko) Chrome/76.0.3809.132 Safari/537.36
192.168.6.236 - - [02/Sep/2019:20:31:56 +0800] "GET /nacos/v1/console/namespaces?namespaceId= HTTP/1.1" 200 130 4 Mozilla/5.0 (Windows NT 10.0; Win64; x64) AppleWebKit/537.36 (KHTML, like Gecko) Chrome/76.0.3809.132 Safari/537.36
192.168.6.236 - - [02/Sep/2019:20:31:56 +0800] "GET /nacos/v1/console/server/state HTTP/1.1" 200 82 2 Mozilla/5.0 (Windows NT 10.0; Win64; x64) AppleWebKit/537.36 (KHTML, like Gecko) Chrome/76.0.3809.132 Safari/537.36
192.168.6.236 - - [02/Sep/2019:20:31:56 +0800] "GET /nacos/v1/ns/catalog/services?hasIpCount=true&withInstances=false&pageNo=1&pageSize=10&keyword=&namespaceId= HTTP/1.1" 200 148 1 Mozilla/5.0 (Windows NT 10.0; Win64; x64) AppleWebKit/537.36 (KHTML, like Gecko) Chrome/76.0.3809.132 Safari/537.36
192.168.6.236 - - [02/Sep/2019:20:31:57 +0800] "GET /nacos/console-fe/public/img/favicon.ico HTTP/1.1" 200 4286 3 Mozilla/5.0 (Windows NT 10.0; Win64; x64) AppleWebKit/537.36 (KHTML, like Gecko) Chrome/76.0.3809.132 Safari/537.36
127.0.0.1 - - [02/Sep/2019:20:31:57 +0800] "PUT /nacos/v1/ns/instance/beat?beat=%7B%22cluster%22%3A%22DEFAULT%22%2C%22ip%22%3A%22192.168.6.236%22%2C%22metadata%22%3A%7B%22preserved.register.source%22%3A%22SPRING_CLOUD%22%7D%2C%22period%22%3A5000%2C%22port%22%3A8070%2C%22scheduled%22%3Afalse%2C%22serviceName%22%3A%22DEFAULT_GROUP%40%40service-provider%22%2C%22stopped%22%3Afalse%2C%22weight%22%3A1.0%7D&serviceName=DEFAULT_GROUP%40%40service-provider&encoding=UTF-8&namespaceId=public HTTP/1.1" 200 38 2 Nacos-Java-Client:v1.0.1
192.168.6.236 - - [02/Sep/2019:20:31:57 +0800] "GET /nacos/ HTTP/1.1" 304 - 3 Mozilla/5.0 (Windows NT 10.0; Win64; x64) AppleWebKit/537.36 (KHTML, like Gecko) Chrome/76.0.3809.132 Safari/537.36
192.168.6.236 - - [02/Sep/2019:20:31:57 +0800] "GET /nacos/v1/console/namespaces?namespaceId= HTTP/1.1" 200 130 3 Mozilla/5.0 (Windows NT 10.0; Win64; x64) AppleWebKit/537.36 (KHTML, like Gecko) Chrome/76.0.3809.132 Safari/537.36
192.168.6.236 - - [02/Sep/2019:20:31:57 +0800] "GET /nacos/v1/console/server/state HTTP/1.1" 200 82 1 Mozilla/5.0 (Windows NT 10.0; Win64; x64) AppleWebKit/537.36 (KHTML, like Gecko) Chrome/76.0.3809.132 Safari/537.36
192.168.6.236 - - [02/Sep/2019:20:31:57 +0800] "GET /nacos/v1/ns/catalog/services?hasIpCount=true&withInstances=false&pageNo=1&pageSize=10&keyword=&namespaceId= HTTP/1.1" 200 148 2 Mozilla/5.0 (Windows NT 10.0; Win64; x64) AppleWebKit/537.36 (KHTML, like Gecko) Chrome/76.0.3809.132 Safari/537.36
192.168.6.236 - - [02/Sep/2019:20:31:57 +0800] "GET /nacos/ HTTP/1.1" 304 - 3 Mozilla/5.0 (Windows NT 10.0; Win64; x64) AppleWebKit/537.36 (KHTML, like Gecko) Chrome/76.0.3809.132 Safari/537.36
192.168.6.236 - - [02/Sep/2019:20:31:57 +0800] "GET /nacos/console-fe/public/img/favicon.ico HTTP/1.1" 200 4286 1 Mozilla/5.0 (Windows NT 10.0; Win64; x64) AppleWebKit/537.36 (KHTML, like Gecko) Chrome/76.0.3809.132 Safari/537.36
192.168.6.236 - - [02/Sep/2019:20:31:57 +0800] "GET /nacos/v1/console/namespaces?namespaceId= HTTP/1.1" 200 130 3 Mozilla/5.0 (Windows NT 10.0; Win64; x64) AppleWebKit/537.36 (KHTML, like Gecko) Chrome/76.0.3809.132 Safari/537.36
192.168.6.236 - - [02/Sep/2019:20:31:57 +0800] "GET /nacos/v1/console/server/state HTTP/1.1" 200 82 1 Mozilla/5.0 (Windows NT 10.0; Win64; x64) AppleWebKit/537.36 (KHTML, like Gecko) Chrome/76.0.3809.132 Safari/537.36
192.168.6.236 - - [02/Sep/2019:20:31:57 +0800] "GET /nacos/v1/ns/catalog/services?hasIpCount=true&withInstances=false&pageNo=1&pageSize=10&keyword=&namespaceId= HTTP/1.1" 200 148 1 Mozilla/5.0 (Windows NT 10.0; Win64; x64) AppleWebKit/537.36 (KHTML, like Gecko) Chrome/76.0.3809.132 Safari/537.36
192.168.6.236 - - [02/Sep/2019:20:31:57 +0800] "GET /nacos/ HTTP/1.1" 304 - 2 Mozilla/5.0 (Windows NT 10.0; Win64; x64) AppleWebKit/537.36 (KHTML, like Gecko) Chrome/76.0.3809.132 Safari/537.36
192.168.6.236 - - [02/Sep/2019:20:31:57 +0800] "GET /nacos/v1/console/namespaces?namespaceId= HTTP/1.1" 200 130 4 Mozilla/5.0 (Windows NT 10.0; Win64; x64) AppleWebKit/537.36 (KHTML, like Gecko) Chrome/76.0.3809.132 Safari/537.36
192.168.6.236 - - [02/Sep/2019:20:31:57 +0800] "GET /nacos/v1/console/server/state HTTP/1.1" 200 82 1 Mozilla/5.0 (Windows NT 10.0; Win64; x64) AppleWebKit/537.36 (KHTML, like Gecko) Chrome/76.0.3809.132 Safari/537.36
192.168.6.236 - - [02/Sep/2019:20:31:58 +0800] "GET /nacos/ HTTP/1.1" 304 - 3 Mozilla/5.0 (Windows NT 10.0; Win64; x64) AppleWebKit/537.36 (KHTML, like Gecko) Chrome/76.0.3809.132 Safari/537.36
192.168.6.236 - - [02/Sep/2019:20:31:58 +0800] "GET /nacos/v1/console/namespaces?namespaceId= HTTP/1.1" 200 130 5 Mozilla/5.0 (Windows NT 10.0; Win64; x64) AppleWebKit/537.36 (KHTML, like Gecko) Chrome/76.0.3809.132 Safari/537.36
192.168.6.236 - - [02/Sep/2019:20:31:58 +0800] "GET /nacos/v1/console/server/state HTTP/1.1" 200 82 1 Mozilla/5.0 (Windows NT 10.0; Win64; x64) AppleWebKit/537.36 (KHTML, like Gecko) Chrome/76.0.3809.132 Safari/537.36
192.168.6.236 - - [02/Sep/2019:20:31:58 +0800] "GET /nacos/v1/ns/catalog/services?hasIpCount=true&withInstances=false&pageNo=1&pageSize=10&keyword=&namespaceId= HTTP/1.1" 200 148 2 Mozilla/5.0 (Windows NT 10.0; Win64; x64) AppleWebKit/537.36 (KHTML, like Gecko) Chrome/76.0.3809.132 Safari/537.36
192.168.6.236 - - [02/Sep/2019:20:31:58 +0800] "GET /nacos/console-fe/public/img/favicon.ico HTTP/1.1" 200 4286 2 Mozilla/5.0 (Windows NT 10.0; Win64; x64) AppleWebKit/537.36 (KHTML, like Gecko) Chrome/76.0.3809.132 Safari/537.36
192.168.6.236 - - [02/Sep/2019:20:31:58 +0800] "GET /nacos/ HTTP/1.1" 304 - 2 Mozilla/5.0 (Windows NT 10.0; Win64; x64) AppleWebKit/537.36 (KHTML, like Gecko) Chrome/76.0.3809.132 Safari/537.36
192.168.6.236 - - [02/Sep/2019:20:31:58 +0800] "GET /nacos/v1/console/namespaces?namespaceId= HTTP/1.1" 200 130 2 Mozilla/5.0 (Windows NT 10.0; Win64; x64) AppleWebKit/537.36 (KHTML, like Gecko) Chrome/76.0.3809.132 Safari/537.36
192.168.6.236 - - [02/Sep/2019:20:31:58 +0800] "GET /nacos/v1/console/server/state HTTP/1.1" 200 82 1 Mozilla/5.0 (Windows NT 10.0; Win64; x64) AppleWebKit/537.36 (KHTML, like Gecko) Chrome/76.0.3809.132 Safari/537.36
192.168.6.236 - - [02/Sep/2019:20:31:58 +0800] "GET /nacos/v1/ns/catalog/services?hasIpCount=true&withInstances=false&pageNo=1&pageSize=10&keyword=&namespaceId= HTTP/1.1" 200 148 1 Mozilla/5.0 (Windows NT 10.0; Win64; x64) AppleWebKit/537.36 (KHTML, like Gecko) Chrome/76.0.3809.132 Safari/537.36
192.168.6.236 - - [02/Sep/2019:20:31:58 +0800] "GET /nacos/console-fe/public/img/favicon.ico HTTP/1.1" 200 4286 1 Mozilla/5.0 (Windows NT 10.0; Win64; x64) AppleWebKit/537.36 (KHTML, like Gecko) Chrome/76.0.3809.132 Safari/537.36
192.168.6.236 - - [02/Sep/2019:20:31:58 +0800] "GET /nacos/ HTTP/1.1" 304 - 3 Mozilla/5.0 (Windows NT 10.0; Win64; x64) AppleWebKit/537.36 (KHTML, like Gecko) Chrome/76.0.3809.132 Safari/537.36
192.168.6.236 - - [02/Sep/2019:20:31:58 +0800] "GET /nacos/v1/console/namespaces?namespaceId= HTTP/1.1" 200 130 3 Mozilla/5.0 (Windows NT 10.0; Win64; x64) AppleWebKit/537.36 (KHTML, like Gecko) Chrome/76.0.3809.132 Safari/537.36
192.168.6.236 - - [02/Sep/2019:20:31:58 +0800] "GET /nacos/v1/console/server/state HTTP/1.1" 200 82 1 Mozilla/5.0 (Windows NT 10.0; Win64; x64) AppleWebKit/537.36 (KHTML, like Gecko) Chrome/76.0.3809.132 Safari/537.36
192.168.6.236 - - [02/Sep/2019:20:31:58 +0800] "GET /nacos/v1/ns/catalog/services?hasIpCount=true&withInstances=false&pageNo=1&pageSize=10&keyword=&namespaceId= HTTP/1.1" 200 148 1 Mozilla/5.0 (Windows NT 10.0; Win64; x64) AppleWebKit/537.36 (KHTML, like Gecko) Chrome/76.0.3809.132 Safari/537.36
192.168.6.236 - - [02/Sep/2019:20:31:58 +0800] "GET /nacos/ HTTP/1.1" 304 - 2 Mozilla/5.0 (Windows NT 10.0; Win64; x64) AppleWebKit/537.36 (KHTML, like Gecko) Chrome/76.0.3809.132 Safari/537.36
192.168.6.236 - - [02/Sep/2019:20:31:58 +0800] "GET /nacos/console-fe/public/img/favicon.ico HTTP/1.1" 200 4286 2 Mozilla/5.0 (Windows NT 10.0; Win64; x64) AppleWebKit/537.36 (KHTML, like Gecko) Chrome/76.0.3809.132 Safari/537.36
192.168.6.236 - - [02/Sep/2019:20:31:58 +0800] "GET /nacos/v1/console/namespaces?namespaceId= HTTP/1.1" 200 130 3 Mozilla/5.0 (Windows NT 10.0; Win64; x64) AppleWebKit/537.36 (KHTML, like Gecko) Chrome/76.0.3809.132 Safari/537.36
192.168.6.236 - - [02/Sep/2019:20:31:58 +0800] "GET /nacos/v1/console/server/state HTTP/1.1" 200 82 1 Mozilla/5.0 (Windows NT 10.0; Win64; x64) AppleWebKit/537.36 (KHTML, like Gecko) Chrome/76.0.3809.132 Safari/537.36
192.168.6.236 - - [02/Sep/2019:20:31:58 +0800] "GET /nacos/v1/ns/catalog/services?hasIpCount=true&withInstances=false&pageNo=1&pageSize=10&keyword=&namespaceId= HTTP/1.1" 200 148 1 Mozilla/5.0 (Windows NT 10.0; Win64; x64) AppleWebKit/537.36 (KHTML, like Gecko) Chrome/76.0.3809.132 Safari/537.36
192.168.6.236 - - [02/Sep/2019:20:31:58 +0800] "GET /nacos/ HTTP/1.1" 304 - 4 Mozilla/5.0 (Windows NT 10.0; Win64; x64) AppleWebKit/537.36 (KHTML, like Gecko) Chrome/76.0.3809.132 Safari/537.36
192.168.6.236 - - [02/Sep/2019:20:31:59 +0800] "GET /nacos/v1/console/namespaces?namespaceId= HTTP/1.1" 200 130 2 Mozilla/5.0 (Windows NT 10.0; Win64; x64) AppleWebKit/537.36 (KHTML, like Gecko) Chrome/76.0.3809.132 Safari/537.36
192.168.6.236 - - [02/Sep/2019:20:31:59 +0800] "GET /nacos/v1/console/server/state HTTP/1.1" 200 82 1 Mozilla/5.0 (Windows NT 10.0; Win64; x64) AppleWebKit/537.36 (KHTML, like Gecko) Chrome/76.0.3809.132 Safari/537.36
192.168.6.236 - - [02/Sep/2019:20:31:59 +0800] "GET /nacos/v1/cs/health HTTP/1.1" 200 2 1 Apache-HttpAsyncClient/4.1.3 (Java/1.8.0_191)
192.168.6.236 - - [02/Sep/2019:20:31:59 +0800] "GET /nacos/v1/ns/catalog/services?hasIpCount=true&withInstances=false&pageNo=1&pageSize=10&keyword=&namespaceId= HTTP/1.1" 200 148 1 Mozilla/5.0 (Windows NT 10.0; Win64; x64) AppleWebKit/537.36 (KHTML, like Gecko) Chrome/76.0.3809.132 Safari/537.36
192.168.6.236 - - [02/Sep/2019:20:31:59 +0800] "GET /nacos/console-fe/public/img/favicon.ico HTTP/1.1" 200 4286 2 Mozilla/5.0 (Windows NT 10.0; Win64; x64) AppleWebKit/537.36 (KHTML, like Gecko) Chrome/76.0.3809.132 Safari/537.36
127.0.0.1 - - [02/Sep/2019:20:32:02 +0800] "PUT /nacos/v1/ns/instance/beat?beat=%7B%22cluster%22%3A%22DEFAULT%22%2C%22ip%22%3A%22192.168.6.236%22%2C%22metadata%22%3A%7B%22preserved.register.source%22%3A%22SPRING_CLOUD%22%7D%2C%22period%22%3A5000%2C%22port%22%3A8070%2C%22scheduled%22%3Afalse%2C%22serviceName%22%3A%22DEFAULT_GROUP%40%40service-provider%22%2C%22stopped%22%3Afalse%2C%22weight%22%3A1.0%7D&serviceName=DEFAULT_GROUP%40%40service-provider&encoding=UTF-8&namespaceId=public HTTP/1.1" 200 38 1 Nacos-Java-Client:v1.0.1
192.168.6.236 - - [02/Sep/2019:20:32:03 +0800] "GET /nacos/v1/ns/instance/list?healthyOnly=false&namespaceId=public&clientIP=192.168.6.236&serviceName=DEFAULT_GROUP%40%40service-provider&udpPort=62524&encoding=UTF-8 HTTP/1.1" 200 583 2 Nacos-Java-Client:v1.0.0
127.0.0.1 - - [02/Sep/2019:20:32:03 +0800] "GET /nacos/v1/ns/instance/list?healthyOnly=false&namespaceId=public&clientIP=192.168.6.236&serviceName=DEFAULT_GROUP%40%40service-provider&udpPort=49970&encoding=UTF-8 HTTP/1.1" 200 583 1 Nacos-Java-Client:v1.0.1
192.168.6.236 - - [02/Sep/2019:20:32:04 +0800] "GET /nacos/v1/cs/health HTTP/1.1" 200 2 1 Apache-HttpAsyncClient/4.1.3 (Java/1.8.0_191)
127.0.0.1 - - [02/Sep/2019:20:32:07 +0800] "PUT /nacos/v1/ns/instance/beat?beat=%7B%22cluster%22%3A%22DEFAULT%22%2C%22ip%22%3A%22192.168.6.236%22%2C%22metadata%22%3A%7B%22preserved.register.source%22%3A%22SPRING_CLOUD%22%7D%2C%22period%22%3A5000%2C%22port%22%3A8070%2C%22scheduled%22%3Afalse%2C%22serviceName%22%3A%22DEFAULT_GROUP%40%40service-provider%22%2C%22stopped%22%3Afalse%2C%22weight%22%3A1.0%7D&serviceName=DEFAULT_GROUP%40%40service-provider&encoding=UTF-8&namespaceId=public HTTP/1.1" 200 38 1 Nacos-Java-Client:v1.0.1
192.168.6.236 - - [02/Sep/2019:20:32:09 +0800] "GET /nacos/v1/cs/health HTTP/1.1" 200 2 1 Apache-HttpAsyncClient/4.1.3 (Java/1.8.0_191)
127.0.0.1 - - [02/Sep/2019:20:32:12 +0800] "PUT /nacos/v1/ns/instance/beat?beat=%7B%22cluster%22%3A%22DEFAULT%22%2C%22ip%22%3A%22192.168.6.236%22%2C%22metadata%22%3A%7B%22preserved.register.source%22%3A%22SPRING_CLOUD%22%7D%2C%22period%22%3A5000%2C%22port%22%3A8070%2C%22scheduled%22%3Afalse%2C%22serviceName%22%3A%22DEFAULT_GROUP%40%40service-provider%22%2C%22stopped%22%3Afalse%2C%22weight%22%3A1.0%7D&serviceName=DEFAULT_GROUP%40%40service-provider&encoding=UTF-8&namespaceId=public HTTP/1.1" 200 38 2 Nacos-Java-Client:v1.0.1
192.168.6.236 - - [02/Sep/2019:20:32:13 +0800] "GET /nacos/v1/ns/instance/list?healthyOnly=false&namespaceId=public&clientIP=192.168.6.236&serviceName=DEFAULT_GROUP%40%40service-provider&udpPort=62524&encoding=UTF-8 HTTP/1.1" 200 583 1 Nacos-Java-Client:v1.0.0
127.0.0.1 - - [02/Sep/2019:20:32:13 +0800] "GET /nacos/v1/ns/instance/list?healthyOnly=false&namespaceId=public&clientIP=192.168.6.236&serviceName=DEFAULT_GROUP%40%40service-provider&udpPort=49970&encoding=UTF-8 HTTP/1.1" 200 583 2 Nacos-Java-Client:v1.0.1
192.168.6.236 - - [02/Sep/2019:20:32:14 +0800] "GET /nacos/v1/cs/health HTTP/1.1" 200 2 1 Apache-HttpAsyncClient/4.1.3 (Java/1.8.0_191)
127.0.0.1 - - [02/Sep/2019:20:32:17 +0800] "PUT /nacos/v1/ns/instance/beat?beat=%7B%22cluster%22%3A%22DEFAULT%22%2C%22ip%22%3A%22192.168.6.236%22%2C%22metadata%22%3A%7B%22preserved.register.source%22%3A%22SPRING_CLOUD%22%7D%2C%22period%22%3A5000%2C%22port%22%3A8070%2C%22scheduled%22%3Afalse%2C%22serviceName%22%3A%22DEFAULT_GROUP%40%40service-provider%22%2C%22stopped%22%3Afalse%2C%22weight%22%3A1.0%7D&serviceName=DEFAULT_GROUP%40%40service-provider&encoding=UTF-8&namespaceId=public HTTP/1.1" 200 38 1 Nacos-Java-Client:v1.0.1
192.168.6.236 - - [02/Sep/2019:20:32:19 +0800] "GET /nacos/v1/cs/health HTTP/1.1" 200 2 1 Apache-HttpAsyncClient/4.1.3 (Java/1.8.0_191)
127.0.0.1 - - [02/Sep/2019:20:32:22 +0800] "GET /nacos/v1/ns/service/list?pageSize=2147483647&groupName=DEFAULT_GROUP&encoding=UTF-8&namespaceId=public&pageNo=1 HTTP/1.1" 200 50 2 Nacos-Java-Client:v1.0.1
192.168.6.236 - - [02/Sep/2019:20:32:22 +0800] "GET /nacos/v1/ns/service/list?pageSize=2147483647&groupName=DEFAULT_GROUP&encoding=UTF-8&namespaceId=public&pageNo=1 HTTP/1.1" 200 50 1 Nacos-Java-Client:v1.0.0
127.0.0.1 - - [02/Sep/2019:20:32:22 +0800] "PUT /nacos/v1/ns/instance/beat?beat=%7B%22cluster%22%3A%22DEFAULT%22%2C%22ip%22%3A%22192.168.6.236%22%2C%22metadata%22%3A%7B%22preserved.register.source%22%3A%22SPRING_CLOUD%22%7D%2C%22period%22%3A5000%2C%22port%22%3A8070%2C%22scheduled%22%3Afalse%2C%22serviceName%22%3A%22DEFAULT_GROUP%40%40service-provider%22%2C%22stopped%22%3Afalse%2C%22weight%22%3A1.0%7D&serviceName=DEFAULT_GROUP%40%40service-provider&encoding=UTF-8&namespaceId=public HTTP/1.1" 200 38 1 Nacos-Java-Client:v1.0.1
192.168.6.236 - - [02/Sep/2019:20:32:23 +0800] "GET /nacos/v1/ns/instance/list?healthyOnly=false&namespaceId=public&clientIP=192.168.6.236&serviceName=DEFAULT_GROUP%40%40service-provider&udpPort=62524&encoding=UTF-8 HTTP/1.1" 200 583 1 Nacos-Java-Client:v1.0.0
127.0.0.1 - - [02/Sep/2019:20:32:23 +0800] "GET /nacos/v1/ns/instance/list?healthyOnly=false&namespaceId=public&clientIP=192.168.6.236&serviceName=DEFAULT_GROUP%40%40service-provider&udpPort=49970&encoding=UTF-8 HTTP/1.1" 200 583 1 Nacos-Java-Client:v1.0.1
192.168.6.236 - - [02/Sep/2019:20:32:24 +0800] "GET /nacos/v1/cs/health HTTP/1.1" 200 2 2 Apache-HttpAsyncClient/4.1.3 (Java/1.8.0_191)
127.0.0.1 - - [02/Sep/2019:20:32:27 +0800] "PUT /nacos/v1/ns/instance/beat?beat=%7B%22cluster%22%3A%22DEFAULT%22%2C%22ip%22%3A%22192.168.6.236%22%2C%22metadata%22%3A%7B%22preserved.register.source%22%3A%22SPRING_CLOUD%22%7D%2C%22period%22%3A5000%2C%22port%22%3A8070%2C%22scheduled%22%3Afalse%2C%22serviceName%22%3A%22DEFAULT_GROUP%40%40service-provider%22%2C%22stopped%22%3Afalse%2C%22weight%22%3A1.0%7D&serviceName=DEFAULT_GROUP%40%40service-provider&encoding=UTF-8&namespaceId=public HTTP/1.1" 200 38 2 Nacos-Java-Client:v1.0.1
192.168.6.236 - - [02/Sep/2019:20:32:29 +0800] "GET /nacos/v1/cs/health HTTP/1.1" 200 2 1 Apache-HttpAsyncClient/4.1.3 (Java/1.8.0_191)
127.0.0.1 - - [02/Sep/2019:20:32:32 +0800] "PUT /nacos/v1/ns/instance/beat?beat=%7B%22cluster%22%3A%22DEFAULT%22%2C%22ip%22%3A%22192.168.6.236%22%2C%22metadata%22%3A%7B%22preserved.register.source%22%3A%22SPRING_CLOUD%22%7D%2C%22period%22%3A5000%2C%22port%22%3A8070%2C%22scheduled%22%3Afalse%2C%22serviceName%22%3A%22DEFAULT_GROUP%40%40service-provider%22%2C%22stopped%22%3Afalse%2C%22weight%22%3A1.0%7D&serviceName=DEFAULT_GROUP%40%40service-provider&encoding=UTF-8&namespaceId=public HTTP/1.1" 200 38 2 Nacos-Java-Client:v1.0.1
192.168.6.236 - - [02/Sep/2019:20:32:33 +0800] "GET /nacos/v1/ns/instance/list?healthyOnly=false&namespaceId=public&clientIP=192.168.6.236&serviceName=DEFAULT_GROUP%40%40service-provider&udpPort=62524&encoding=UTF-8 HTTP/1.1" 200 583 2 Nacos-Java-Client:v1.0.0
127.0.0.1 - - [02/Sep/2019:20:32:33 +0800] "GET /nacos/v1/ns/instance/list?healthyOnly=false&namespaceId=public&clientIP=192.168.6.236&serviceName=DEFAULT_GROUP%40%40service-provider&udpPort=49970&encoding=UTF-8 HTTP/1.1" 200 583 1 Nacos-Java-Client:v1.0.1
192.168.6.236 - - [02/Sep/2019:20:32:34 +0800] "GET /nacos/v1/cs/health HTTP/1.1" 200 2 1 Apache-HttpAsyncClient/4.1.3 (Java/1.8.0_191)
127.0.0.1 - - [02/Sep/2019:20:32:37 +0800] "PUT /nacos/v1/ns/instance/beat?beat=%7B%22cluster%22%3A%22DEFAULT%22%2C%22ip%22%3A%22192.168.6.236%22%2C%22metadata%22%3A%7B%22preserved.register.source%22%3A%22SPRING_CLOUD%22%7D%2C%22period%22%3A5000%2C%22port%22%3A8070%2C%22scheduled%22%3Afalse%2C%22serviceName%22%3A%22DEFAULT_GROUP%40%40service-provider%22%2C%22stopped%22%3Afalse%2C%22weight%22%3A1.0%7D&serviceName=DEFAULT_GROUP%40%40service-provider&encoding=UTF-8&namespaceId=public HTTP/1.1" 200 38 2 Nacos-Java-Client:v1.0.1
192.168.6.236 - - [02/Sep/2019:20:32:39 +0800] "GET /nacos/v1/cs/health HTTP/1.1" 200 2 1 Apache-HttpAsyncClient/4.1.3 (Java/1.8.0_191)
127.0.0.1 - - [02/Sep/2019:20:32:42 +0800] "PUT /nacos/v1/ns/instance/beat?beat=%7B%22cluster%22%3A%22DEFAULT%22%2C%22ip%22%3A%22192.168.6.236%22%2C%22metadata%22%3A%7B%22preserved.register.source%22%3A%22SPRING_CLOUD%22%7D%2C%22period%22%3A5000%2C%22port%22%3A8070%2C%22scheduled%22%3Afalse%2C%22serviceName%22%3A%22DEFAULT_GROUP%40%40service-provider%22%2C%22stopped%22%3Afalse%2C%22weight%22%3A1.0%7D&serviceName=DEFAULT_GROUP%40%40service-provider&encoding=UTF-8&namespaceId=public HTTP/1.1" 200 38 1 Nacos-Java-Client:v1.0.1
192.168.6.236 - - [02/Sep/2019:20:32:43 +0800] "GET /nacos/v1/ns/instance/list?healthyOnly=false&namespaceId=public&clientIP=192.168.6.236&serviceName=DEFAULT_GROUP%40%40service-provider&udpPort=62524&encoding=UTF-8 HTTP/1.1" 200 583 1 Nacos-Java-Client:v1.0.0
127.0.0.1 - - [02/Sep/2019:20:32:43 +0800] "GET /nacos/v1/ns/instance/list?healthyOnly=false&namespaceId=public&clientIP=192.168.6.236&serviceName=DEFAULT_GROUP%40%40service-provider&udpPort=49970&encoding=UTF-8 HTTP/1.1" 200 583 1 Nacos-Java-Client:v1.0.1
192.168.6.236 - - [02/Sep/2019:20:32:44 +0800] "GET /nacos/v1/cs/health HTTP/1.1" 200 2 1 Apache-HttpAsyncClient/4.1.3 (Java/1.8.0_191)
127.0.0.1 - - [02/Sep/2019:20:32:47 +0800] "PUT /nacos/v1/ns/instance/beat?beat=%7B%22cluster%22%3A%22DEFAULT%22%2C%22ip%22%3A%22192.168.6.236%22%2C%22metadata%22%3A%7B%22preserved.register.source%22%3A%22SPRING_CLOUD%22%7D%2C%22period%22%3A5000%2C%22port%22%3A8070%2C%22scheduled%22%3Afalse%2C%22serviceName%22%3A%22DEFAULT_GROUP%40%40service-provider%22%2C%22stopped%22%3Afalse%2C%22weight%22%3A1.0%7D&serviceName=DEFAULT_GROUP%40%40service-provider&encoding=UTF-8&namespaceId=public HTTP/1.1" 200 38 1 Nacos-Java-Client:v1.0.1
192.168.6.236 - - [02/Sep/2019:20:32:49 +0800] "GET /nacos/v1/cs/health HTTP/1.1" 200 2 1 Apache-HttpAsyncClient/4.1.3 (Java/1.8.0_191)
127.0.0.1 - - [02/Sep/2019:20:32:52 +0800] "GET /nacos/v1/ns/service/list?pageSize=2147483647&groupName=DEFAULT_GROUP&encoding=UTF-8&namespaceId=public&pageNo=1 HTTP/1.1" 200 50 2 Nacos-Java-Client:v1.0.1
127.0.0.1 - - [02/Sep/2019:20:32:52 +0800] "PUT /nacos/v1/ns/instance/beat?beat=%7B%22cluster%22%3A%22DEFAULT%22%2C%22ip%22%3A%22192.168.6.236%22%2C%22metadata%22%3A%7B%22preserved.register.source%22%3A%22SPRING_CLOUD%22%7D%2C%22period%22%3A5000%2C%22port%22%3A8070%2C%22scheduled%22%3Afalse%2C%22serviceName%22%3A%22DEFAULT_GROUP%40%40service-provider%22%2C%22stopped%22%3Afalse%2C%22weight%22%3A1.0%7D&serviceName=DEFAULT_GROUP%40%40service-provider&encoding=UTF-8&namespaceId=public HTTP/1.1" 200 38 2 Nacos-Java-Client:v1.0.1
127.0.0.1 - - [02/Sep/2019:20:32:53 +0800] "GET /nacos/v1/ns/instance/list?healthyOnly=false&namespaceId=public&clientIP=192.168.6.236&serviceName=DEFAULT_GROUP%40%40service-provider&udpPort=49970&encoding=UTF-8 HTTP/1.1" 200 583 2 Nacos-Java-Client:v1.0.1
192.168.6.236 - - [02/Sep/2019:20:32:54 +0800] "GET /nacos/v1/cs/health HTTP/1.1" 200 2 1 Apache-HttpAsyncClient/4.1.3 (Java/1.8.0_191)
127.0.0.1 - - [02/Sep/2019:20:32:54 +0800] "GET /nacos/v1/ns/service/list?pageSize=2147483647&groupName=DEFAULT_GROUP&encoding=UTF-8&namespaceId=public&pageNo=1 HTTP/1.1" 200 50 1 Nacos-Java-Client:v1.0.0
127.0.0.1 - - [02/Sep/2019:20:32:54 +0800] "GET /nacos/v1/ns/instance/list?healthyOnly=false&namespaceId=public&clientIP=192.168.6.236&serviceName=DEFAULT_GROUP%40%40service-provider&udpPort=54655&encoding=UTF-8 HTTP/1.1" 200 583 1 Nacos-Java-Client:v1.0.0
127.0.0.1 - - [02/Sep/2019:20:32:55 +0800] "GET /nacos/v1/ns/instance/list?healthyOnly=false&namespaceId=public&clientIP=192.168.6.236&serviceName=DEFAULT_GROUP%40%40service-provider&udpPort=54655&encoding=UTF-8 HTTP/1.1" 200 583 1 Nacos-Java-Client:v1.0.0
127.0.0.1 - - [02/Sep/2019:20:32:57 +0800] "PUT /nacos/v1/ns/instance/beat?beat=%7B%22cluster%22%3A%22DEFAULT%22%2C%22ip%22%3A%22192.168.6.236%22%2C%22metadata%22%3A%7B%22preserved.register.source%22%3A%22SPRING_CLOUD%22%7D%2C%22period%22%3A5000%2C%22port%22%3A8070%2C%22scheduled%22%3Afalse%2C%22serviceName%22%3A%22DEFAULT_GROUP%40%40service-provider%22%2C%22stopped%22%3Afalse%2C%22weight%22%3A1.0%7D&serviceName=DEFAULT_GROUP%40%40service-provider&encoding=UTF-8&namespaceId=public HTTP/1.1" 200 38 2 Nacos-Java-Client:v1.0.1
192.168.6.236 - - [02/Sep/2019:20:32:59 +0800] "GET /nacos/v1/cs/health HTTP/1.1" 200 2 1 Apache-HttpAsyncClient/4.1.3 (Java/1.8.0_191)
192.168.6.236 - - [02/Sep/2019:20:33:01 +0800] "GET /nacos/ HTTP/1.1" 304 - 4 Mozilla/5.0 (Windows NT 10.0; Win64; x64) AppleWebKit/537.36 (KHTML, like Gecko) Chrome/76.0.3809.132 Safari/537.36
192.168.6.236 - - [02/Sep/2019:20:33:01 +0800] "GET /nacos/v1/console/namespaces?namespaceId= HTTP/1.1" 200 130 3 Mozilla/5.0 (Windows NT 10.0; Win64; x64) AppleWebKit/537.36 (KHTML, like Gecko) Chrome/76.0.3809.132 Safari/537.36
192.168.6.236 - - [02/Sep/2019:20:33:01 +0800] "GET /nacos/v1/console/server/state HTTP/1.1" 200 82 2 Mozilla/5.0 (Windows NT 10.0; Win64; x64) AppleWebKit/537.36 (KHTML, like Gecko) Chrome/76.0.3809.132 Safari/537.36
192.168.6.236 - - [02/Sep/2019:20:33:01 +0800] "GET /nacos/v1/ns/catalog/services?hasIpCount=true&withInstances=false&pageNo=1&pageSize=10&keyword=&namespaceId= HTTP/1.1" 200 148 2 Mozilla/5.0 (Windows NT 10.0; Win64; x64) AppleWebKit/537.36 (KHTML, like Gecko) Chrome/76.0.3809.132 Safari/537.36
192.168.6.236 - - [02/Sep/2019:20:33:01 +0800] "GET /nacos/console-fe/public/img/favicon.ico HTTP/1.1" 200 4286 2 Mozilla/5.0 (Windows NT 10.0; Win64; x64) AppleWebKit/537.36 (KHTML, like Gecko) Chrome/76.0.3809.132 Safari/537.36
192.168.6.236 - - [02/Sep/2019:20:33:01 +0800] "GET /nacos/ HTTP/1.1" 304 - 3 Mozilla/5.0 (Windows NT 10.0; Win64; x64) AppleWebKit/537.36 (KHTML, like Gecko) Chrome/76.0.3809.132 Safari/537.36
192.168.6.236 - - [02/Sep/2019:20:33:01 +0800] "GET /nacos/v1/console/namespaces?namespaceId= HTTP/1.1" 200 130 2 Mozilla/5.0 (Windows NT 10.0; Win64; x64) AppleWebKit/537.36 (KHTML, like Gecko) Chrome/76.0.3809.132 Safari/537.36
192.168.6.236 - - [02/Sep/2019:20:33:01 +0800] "GET /nacos/v1/console/server/state HTTP/1.1" 200 82 1 Mozilla/5.0 (Windows NT 10.0; Win64; x64) AppleWebKit/537.36 (KHTML, like Gecko) Chrome/76.0.3809.132 Safari/537.36
192.168.6.236 - - [02/Sep/2019:20:33:01 +0800] "GET /nacos/v1/ns/catalog/services?hasIpCount=true&withInstances=false&pageNo=1&pageSize=10&keyword=&namespaceId= HTTP/1.1" 200 148 1 Mozilla/5.0 (Windows NT 10.0; Win64; x64) AppleWebKit/537.36 (KHTML, like Gecko) Chrome/76.0.3809.132 Safari/537.36
192.168.6.236 - - [02/Sep/2019:20:33:02 +0800] "GET /nacos/console-fe/public/img/favicon.ico HTTP/1.1" 200 4286 2 Mozilla/5.0 (Windows NT 10.0; Win64; x64) AppleWebKit/537.36 (KHTML, like Gecko) Chrome/76.0.3809.132 Safari/537.36
192.168.6.236 - - [02/Sep/2019:20:33:02 +0800] "GET /nacos/ HTTP/1.1" 304 - 2 Mozilla/5.0 (Windows NT 10.0; Win64; x64) AppleWebKit/537.36 (KHTML, like Gecko) Chrome/76.0.3809.132 Safari/537.36
192.168.6.236 - - [02/Sep/2019:20:33:02 +0800] "GET /nacos/v1/console/namespaces?namespaceId= HTTP/1.1" 200 130 4 Mozilla/5.0 (Windows NT 10.0; Win64; x64) AppleWebKit/537.36 (KHTML, like Gecko) Chrome/76.0.3809.132 Safari/537.36
192.168.6.236 - - [02/Sep/2019:20:33:02 +0800] "GET /nacos/v1/console/server/state HTTP/1.1" 200 82 1 Mozilla/5.0 (Windows NT 10.0; Win64; x64) AppleWebKit/537.36 (KHTML, like Gecko) Chrome/76.0.3809.132 Safari/537.36
192.168.6.236 - - [02/Sep/2019:20:33:02 +0800] "GET /nacos/v1/ns/catalog/services?hasIpCount=true&withInstances=false&pageNo=1&pageSize=10&keyword=&namespaceId= HTTP/1.1" 200 148 1 Mozilla/5.0 (Windows NT 10.0; Win64; x64) AppleWebKit/537.36 (KHTML, like Gecko) Chrome/76.0.3809.132 Safari/537.36
192.168.6.236 - - [02/Sep/2019:20:33:02 +0800] "GET /nacos/ HTTP/1.1" 304 - 3 Mozilla/5.0 (Windows NT 10.0; Win64; x64) AppleWebKit/537.36 (KHTML, like Gecko) Chrome/76.0.3809.132 Safari/537.36
192.168.6.236 - - [02/Sep/2019:20:33:02 +0800] "GET /nacos/v1/console/namespaces?namespaceId= HTTP/1.1" 200 130 2 Mozilla/5.0 (Windows NT 10.0; Win64; x64) AppleWebKit/537.36 (KHTML, like Gecko) Chrome/76.0.3809.132 Safari/537.36
192.168.6.236 - - [02/Sep/2019:20:33:02 +0800] "GET /nacos/v1/console/server/state HTTP/1.1" 200 82 1 Mozilla/5.0 (Windows NT 10.0; Win64; x64) AppleWebKit/537.36 (KHTML, like Gecko) Chrome/76.0.3809.132 Safari/537.36
192.168.6.236 - - [02/Sep/2019:20:33:02 +0800] "GET /nacos/ HTTP/1.1" 304 - 3 Mozilla/5.0 (Windows NT 10.0; Win64; x64) AppleWebKit/537.36 (KHTML, like Gecko) Chrome/76.0.3809.132 Safari/537.36
192.168.6.236 - - [02/Sep/2019:20:33:02 +0800] "GET /nacos/v1/ns/catalog/services?hasIpCount=true&withInstances=false&pageNo=1&pageSize=10&keyword=&namespaceId= HTTP/1.1" 200 148 2 Mozilla/5.0 (Windows NT 10.0; Win64; x64) AppleWebKit/537.36 (KHTML, like Gecko) Chrome/76.0.3809.132 Safari/537.36
192.168.6.236 - - [02/Sep/2019:20:33:02 +0800] "GET /nacos/v1/console/namespaces?namespaceId= HTTP/1.1" 200 130 3 Mozilla/5.0 (Windows NT 10.0; Win64; x64) AppleWebKit/537.36 (KHTML, like Gecko) Chrome/76.0.3809.132 Safari/537.36
192.168.6.236 - - [02/Sep/2019:20:33:02 +0800] "GET /nacos/v1/console/server/state HTTP/1.1" 200 82 1 Mozilla/5.0 (Windows NT 10.0; Win64; x64) AppleWebKit/537.36 (KHTML, like Gecko) Chrome/76.0.3809.132 Safari/537.36
192.168.6.236 - - [02/Sep/2019:20:33:02 +0800] "GET /nacos/ HTTP/1.1" 304 - 5 Mozilla/5.0 (Windows NT 10.0; Win64; x64) AppleWebKit/537.36 (KHTML, like Gecko) Chrome/76.0.3809.132 Safari/537.36
192.168.6.236 - - [02/Sep/2019:20:33:02 +0800] "GET /nacos/v1/ns/catalog/services?hasIpCount=true&withInstances=false&pageNo=1&pageSize=10&keyword=&namespaceId= HTTP/1.1" 200 148 2 Mozilla/5.0 (Windows NT 10.0; Win64; x64) AppleWebKit/537.36 (KHTML, like Gecko) Chrome/76.0.3809.132 Safari/537.36
127.0.0.1 - - [02/Sep/2019:20:33:02 +0800] "PUT /nacos/v1/ns/instance/beat?beat=%7B%22cluster%22%3A%22DEFAULT%22%2C%22ip%22%3A%22192.168.6.236%22%2C%22metadata%22%3A%7B%22preserved.register.source%22%3A%22SPRING_CLOUD%22%7D%2C%22period%22%3A5000%2C%22port%22%3A8070%2C%22scheduled%22%3Afalse%2C%22serviceName%22%3A%22DEFAULT_GROUP%40%40service-provider%22%2C%22stopped%22%3Afalse%2C%22weight%22%3A1.0%7D&serviceName=DEFAULT_GROUP%40%40service-provider&encoding=UTF-8&namespaceId=public HTTP/1.1" 200 38 2 Nacos-Java-Client:v1.0.1
192.168.6.236 - - [02/Sep/2019:20:33:02 +0800] "GET /nacos/v1/console/namespaces?namespaceId= HTTP/1.1" 200 130 2 Mozilla/5.0 (Windows NT 10.0; Win64; x64) AppleWebKit/537.36 (KHTML, like Gecko) Chrome/76.0.3809.132 Safari/537.36
192.168.6.236 - - [02/Sep/2019:20:33:02 +0800] "GET /nacos/v1/console/server/state HTTP/1.1" 200 82 0 Mozilla/5.0 (Windows NT 10.0; Win64; x64) AppleWebKit/537.36 (KHTML, like Gecko) Chrome/76.0.3809.132 Safari/537.36
192.168.6.236 - - [02/Sep/2019:20:33:02 +0800] "GET /nacos/v1/ns/catalog/services?hasIpCount=true&withInstances=false&pageNo=1&pageSize=10&keyword=&namespaceId= HTTP/1.1" 200 148 3 Mozilla/5.0 (Windows NT 10.0; Win64; x64) AppleWebKit/537.36 (KHTML, like Gecko) Chrome/76.0.3809.132 Safari/537.36
192.168.6.236 - - [02/Sep/2019:20:33:02 +0800] "GET /nacos/console-fe/public/img/favicon.ico HTTP/1.1" 200 4286 2 Mozilla/5.0 (Windows NT 10.0; Win64; x64) AppleWebKit/537.36 (KHTML, like Gecko) Chrome/76.0.3809.132 Safari/537.36
192.168.6.236 - - [02/Sep/2019:20:33:02 +0800] "GET /nacos/ HTTP/1.1" 304 - 3 Mozilla/5.0 (Windows NT 10.0; Win64; x64) AppleWebKit/537.36 (KHTML, like Gecko) Chrome/76.0.3809.132 Safari/537.36
192.168.6.236 - - [02/Sep/2019:20:33:02 +0800] "GET /nacos/v1/console/namespaces?namespaceId= HTTP/1.1" 200 130 3 Mozilla/5.0 (Windows NT 10.0; Win64; x64) AppleWebKit/537.36 (KHTML, like Gecko) Chrome/76.0.3809.132 Safari/537.36
192.168.6.236 - - [02/Sep/2019:20:33:02 +0800] "GET /nacos/v1/console/server/state HTTP/1.1" 200 82 1 Mozilla/5.0 (Windows NT 10.0; Win64; x64) AppleWebKit/537.36 (KHTML, like Gecko) Chrome/76.0.3809.132 Safari/537.36
192.168.6.236 - - [02/Sep/2019:20:33:03 +0800] "GET /nacos/v1/ns/catalog/services?hasIpCount=true&withInstances=false&pageNo=1&pageSize=10&keyword=&namespaceId= HTTP/1.1" 200 148 1 Mozilla/5.0 (Windows NT 10.0; Win64; x64) AppleWebKit/537.36 (KHTML, like Gecko) Chrome/76.0.3809.132 Safari/537.36
192.168.6.236 - - [02/Sep/2019:20:33:03 +0800] "GET /nacos/console-fe/public/img/favicon.ico HTTP/1.1" 200 4286 1 Mozilla/5.0 (Windows NT 10.0; Win64; x64) AppleWebKit/537.36 (KHTML, like Gecko) Chrome/76.0.3809.132 Safari/537.36
127.0.0.1 - - [02/Sep/2019:20:33:03 +0800] "GET /nacos/v1/ns/instance/list?healthyOnly=false&namespaceId=public&clientIP=192.168.6.236&serviceName=DEFAULT_GROUP%40%40service-provider&udpPort=49970&encoding=UTF-8 HTTP/1.1" 200 583 2 Nacos-Java-Client:v1.0.1
192.168.6.236 - - [02/Sep/2019:20:33:03 +0800] "GET /nacos/ HTTP/1.1" 304 - 1 Mozilla/5.0 (Windows NT 10.0; Win64; x64) AppleWebKit/537.36 (KHTML, like Gecko) Chrome/76.0.3809.132 Safari/537.36
192.168.6.236 - - [02/Sep/2019:20:33:03 +0800] "GET /nacos/v1/console/namespaces?namespaceId= HTTP/1.1" 200 130 2 Mozilla/5.0 (Windows NT 10.0; Win64; x64) AppleWebKit/537.36 (KHTML, like Gecko) Chrome/76.0.3809.132 Safari/537.36
192.168.6.236 - - [02/Sep/2019:20:33:03 +0800] "GET /nacos/v1/console/server/state HTTP/1.1" 200 82 1 Mozilla/5.0 (Windows NT 10.0; Win64; x64) AppleWebKit/537.36 (KHTML, like Gecko) Chrome/76.0.3809.132 Safari/537.36
192.168.6.236 - - [02/Sep/2019:20:33:03 +0800] "GET /nacos/v1/ns/catalog/services?hasIpCount=true&withInstances=false&pageNo=1&pageSize=10&keyword=&namespaceId= HTTP/1.1" 200 148 2 Mozilla/5.0 (Windows NT 10.0; Win64; x64) AppleWebKit/537.36 (KHTML, like Gecko) Chrome/76.0.3809.132 Safari/537.36
192.168.6.236 - - [02/Sep/2019:20:33:03 +0800] "GET /nacos/console-fe/public/img/favicon.ico HTTP/1.1" 200 4286 2 Mozilla/5.0 (Windows NT 10.0; Win64; x64) AppleWebKit/537.36 (KHTML, like Gecko) Chrome/76.0.3809.132 Safari/537.36
192.168.6.236 - - [02/Sep/2019:20:33:03 +0800] "GET /nacos/ HTTP/1.1" 304 - 3 Mozilla/5.0 (Windows NT 10.0; Win64; x64) AppleWebKit/537.36 (KHTML, like Gecko) Chrome/76.0.3809.132 Safari/537.36
192.168.6.236 - - [02/Sep/2019:20:33:03 +0800] "GET /nacos/v1/console/namespaces?namespaceId= HTTP/1.1" 200 130 3 Mozilla/5.0 (Windows NT 10.0; Win64; x64) AppleWebKit/537.36 (KHTML, like Gecko) Chrome/76.0.3809.132 Safari/537.36
192.168.6.236 - - [02/Sep/2019:20:33:03 +0800] "GET /nacos/v1/console/server/state HTTP/1.1" 200 82 1 Mozilla/5.0 (Windows NT 10.0; Win64; x64) AppleWebKit/537.36 (KHTML, like Gecko) Chrome/76.0.3809.132 Safari/537.36
192.168.6.236 - - [02/Sep/2019:20:33:03 +0800] "GET /nacos/v1/ns/catalog/services?hasIpCount=true&withInstances=false&pageNo=1&pageSize=10&keyword=&namespaceId= HTTP/1.1" 200 148 1 Mozilla/5.0 (Windows NT 10.0; Win64; x64) AppleWebKit/537.36 (KHTML, like Gecko) Chrome/76.0.3809.132 Safari/537.36
192.168.6.236 - - [02/Sep/2019:20:33:03 +0800] "GET /nacos/ HTTP/1.1" 304 - 3 Mozilla/5.0 (Windows NT 10.0; Win64; x64) AppleWebKit/537.36 (KHTML, like Gecko) Chrome/76.0.3809.132 Safari/537.36
192.168.6.236 - - [02/Sep/2019:20:33:03 +0800] "GET /nacos/v1/console/namespaces?namespaceId= HTTP/1.1" 200 130 2 Mozilla/5.0 (Windows NT 10.0; Win64; x64) AppleWebKit/537.36 (KHTML, like Gecko) Chrome/76.0.3809.132 Safari/537.36
192.168.6.236 - - [02/Sep/2019:20:33:03 +0800] "GET /nacos/v1/console/server/state HTTP/1.1" 200 82 1 Mozilla/5.0 (Windows NT 10.0; Win64; x64) AppleWebKit/537.36 (KHTML, like Gecko) Chrome/76.0.3809.132 Safari/537.36
192.168.6.236 - - [02/Sep/2019:20:33:04 +0800] "GET /nacos/ HTTP/1.1" 304 - 3 Mozilla/5.0 (Windows NT 10.0; Win64; x64) AppleWebKit/537.36 (KHTML, like Gecko) Chrome/76.0.3809.132 Safari/537.36
192.168.6.236 - - [02/Sep/2019:20:33:04 +0800] "GET /nacos/v1/ns/catalog/services?hasIpCount=true&withInstances=false&pageNo=1&pageSize=10&keyword=&namespaceId= HTTP/1.1" 200 148 0 Mozilla/5.0 (Windows NT 10.0; Win64; x64) AppleWebKit/537.36 (KHTML, like Gecko) Chrome/76.0.3809.132 Safari/537.36
192.168.6.236 - - [02/Sep/2019:20:33:04 +0800] "GET /nacos/v1/console/namespaces?namespaceId= HTTP/1.1" 200 130 2 Mozilla/5.0 (Windows NT 10.0; Win64; x64) AppleWebKit/537.36 (KHTML, like Gecko) Chrome/76.0.3809.132 Safari/537.36
192.168.6.236 - - [02/Sep/2019:20:33:04 +0800] "GET /nacos/v1/console/server/state HTTP/1.1" 200 82 1 Mozilla/5.0 (Windows NT 10.0; Win64; x64) AppleWebKit/537.36 (KHTML, like Gecko) Chrome/76.0.3809.132 Safari/537.36
192.168.6.236 - - [02/Sep/2019:20:33:04 +0800] "GET /nacos/v1/cs/health HTTP/1.1" 200 2 3 Apache-HttpAsyncClient/4.1.3 (Java/1.8.0_191)
192.168.6.236 - - [02/Sep/2019:20:33:04 +0800] "GET /nacos/ HTTP/1.1" 304 - 5 Mozilla/5.0 (Windows NT 10.0; Win64; x64) AppleWebKit/537.36 (KHTML, like Gecko) Chrome/76.0.3809.132 Safari/537.36
192.168.6.236 - - [02/Sep/2019:20:33:04 +0800] "GET /nacos/v1/console/namespaces?namespaceId= HTTP/1.1" 200 130 3 Mozilla/5.0 (Windows NT 10.0; Win64; x64) AppleWebKit/537.36 (KHTML, like Gecko) Chrome/76.0.3809.132 Safari/537.36
192.168.6.236 - - [02/Sep/2019:20:33:04 +0800] "GET /nacos/v1/console/server/state HTTP/1.1" 200 82 1 Mozilla/5.0 (Windows NT 10.0; Win64; x64) AppleWebKit/537.36 (KHTML, like Gecko) Chrome/76.0.3809.132 Safari/537.36
192.168.6.236 - - [02/Sep/2019:20:33:04 +0800] "GET /nacos/v1/ns/catalog/services?hasIpCount=true&withInstances=false&pageNo=1&pageSize=10&keyword=&namespaceId= HTTP/1.1" 200 148 1 Mozilla/5.0 (Windows NT 10.0; Win64; x64) AppleWebKit/537.36 (KHTML, like Gecko) Chrome/76.0.3809.132 Safari/537.36
192.168.6.236 - - [02/Sep/2019:20:33:04 +0800] "GET /nacos/ HTTP/1.1" 304 - 3 Mozilla/5.0 (Windows NT 10.0; Win64; x64) AppleWebKit/537.36 (KHTML, like Gecko) Chrome/76.0.3809.132 Safari/537.36
192.168.6.236 - - [02/Sep/2019:20:33:04 +0800] "GET /nacos/v1/console/namespaces?namespaceId= HTTP/1.1" 200 130 3 Mozilla/5.0 (Windows NT 10.0; Win64; x64) AppleWebKit/537.36 (KHTML, like Gecko) Chrome/76.0.3809.132 Safari/537.36
192.168.6.236 - - [02/Sep/2019:20:33:04 +0800] "GET /nacos/v1/console/server/state HTTP/1.1" 200 82 0 Mozilla/5.0 (Windows NT 10.0; Win64; x64) AppleWebKit/537.36 (KHTML, like Gecko) Chrome/76.0.3809.132 Safari/537.36
192.168.6.236 - - [02/Sep/2019:20:33:04 +0800] "GET /nacos/v1/ns/catalog/services?hasIpCount=true&withInstances=false&pageNo=1&pageSize=10&keyword=&namespaceId= HTTP/1.1" 200 148 1 Mozilla/5.0 (Windows NT 10.0; Win64; x64) AppleWebKit/537.36 (KHTML, like Gecko) Chrome/76.0.3809.132 Safari/537.36
192.168.6.236 - - [02/Sep/2019:20:33:04 +0800] "GET /nacos/console-fe/public/img/favicon.ico HTTP/1.1" 200 4286 1 Mozilla/5.0 (Windows NT 10.0; Win64; x64) AppleWebKit/537.36 (KHTML, like Gecko) Chrome/76.0.3809.132 Safari/537.36
192.168.6.236 - - [02/Sep/2019:20:33:05 +0800] "GET /nacos/v1/ns/catalog/service?serviceName=service-provider&groupName=DEFAULT_GROUP&namespaceId= HTTP/1.1" 200 330 2 Mozilla/5.0 (Windows NT 10.0; Win64; x64) AppleWebKit/537.36 (KHTML, like Gecko) Chrome/76.0.3809.132 Safari/537.36
192.168.6.236 - - [02/Sep/2019:20:33:05 +0800] "GET /nacos/v1/ns/catalog/instances?serviceName=service-provider&clusterName=DEFAULT&groupName=DEFAULT_GROUP&pageSize=10&pageNo=1&namespaceId= HTTP/1.1" 200 631 3 Mozilla/5.0 (Windows NT 10.0; Win64; x64) AppleWebKit/537.36 (KHTML, like Gecko) Chrome/76.0.3809.132 Safari/537.36
127.0.0.1 - - [02/Sep/2019:20:33:05 +0800] "GET /nacos/v1/ns/instance/list?healthyOnly=false&namespaceId=public&clientIP=192.168.6.236&serviceName=DEFAULT_GROUP%40%40service-provider&udpPort=54655&encoding=UTF-8 HTTP/1.1" 200 583 2 Nacos-Java-Client:v1.0.0
192.168.6.236 - - [02/Sep/2019:20:33:06 +0800] "GET /nacos/ HTTP/1.1" 304 - 4 Mozilla/5.0 (Windows NT 10.0; Win64; x64) AppleWebKit/537.36 (KHTML, like Gecko) Chrome/76.0.3809.132 Safari/537.36
192.168.6.236 - - [02/Sep/2019:20:33:06 +0800] "GET /nacos/v1/ns/catalog/service?serviceName=service-provider&groupName=DEFAULT_GROUP&namespaceId= HTTP/1.1" 200 330 1 Mozilla/5.0 (Windows NT 10.0; Win64; x64) AppleWebKit/537.36 (KHTML, like Gecko) Chrome/76.0.3809.132 Safari/537.36
192.168.6.236 - - [02/Sep/2019:20:33:06 +0800] "GET /nacos/v1/console/server/state HTTP/1.1" 200 82 1 Mozilla/5.0 (Windows NT 10.0; Win64; x64) AppleWebKit/537.36 (KHTML, like Gecko) Chrome/76.0.3809.132 Safari/537.36
192.168.6.236 - - [02/Sep/2019:20:33:06 +0800] "GET /nacos/v1/ns/catalog/instances?serviceName=service-provider&clusterName=DEFAULT&groupName=DEFAULT_GROUP&pageSize=10&pageNo=1&namespaceId= HTTP/1.1" 200 631 1 Mozilla/5.0 (Windows NT 10.0; Win64; x64) AppleWebKit/537.36 (KHTML, like Gecko) Chrome/76.0.3809.132 Safari/537.36
192.168.6.236 - - [02/Sep/2019:20:33:06 +0800] "GET /nacos/console-fe/public/img/favicon.ico HTTP/1.1" 200 4286 2 Mozilla/5.0 (Windows NT 10.0; Win64; x64) AppleWebKit/537.36 (KHTML, like Gecko) Chrome/76.0.3809.132 Safari/537.36
192.168.6.236 - - [02/Sep/2019:20:33:07 +0800] "GET /nacos/ HTTP/1.1" 304 - 3 Mozilla/5.0 (Windows NT 10.0; Win64; x64) AppleWebKit/537.36 (KHTML, like Gecko) Chrome/76.0.3809.132 Safari/537.36
192.168.6.236 - - [02/Sep/2019:20:33:07 +0800] "GET /nacos/v1/ns/catalog/service?serviceName=service-provider&groupName=DEFAULT_GROUP&namespaceId= HTTP/1.1" 200 330 1 Mozilla/5.0 (Windows NT 10.0; Win64; x64) AppleWebKit/537.36 (KHTML, like Gecko) Chrome/76.0.3809.132 Safari/537.36
192.168.6.236 - - [02/Sep/2019:20:33:07 +0800] "GET /nacos/v1/console/server/state HTTP/1.1" 200 82 1 Mozilla/5.0 (Windows NT 10.0; Win64; x64) AppleWebKit/537.36 (KHTML, like Gecko) Chrome/76.0.3809.132 Safari/537.36
192.168.6.236 - - [02/Sep/2019:20:33:07 +0800] "GET /nacos/v1/ns/catalog/instances?serviceName=service-provider&clusterName=DEFAULT&groupName=DEFAULT_GROUP&pageSize=10&pageNo=1&namespaceId= HTTP/1.1" 200 631 2 Mozilla/5.0 (Windows NT 10.0; Win64; x64) AppleWebKit/537.36 (KHTML, like Gecko) Chrome/76.0.3809.132 Safari/537.36
127.0.0.1 - - [02/Sep/2019:20:33:07 +0800] "PUT /nacos/v1/ns/instance/beat?beat=%7B%22cluster%22%3A%22DEFAULT%22%2C%22ip%22%3A%22192.168.6.236%22%2C%22metadata%22%3A%7B%22preserved.register.source%22%3A%22SPRING_CLOUD%22%7D%2C%22period%22%3A5000%2C%22port%22%3A8070%2C%22scheduled%22%3Afalse%2C%22serviceName%22%3A%22DEFAULT_GROUP%40%40service-provider%22%2C%22stopped%22%3Afalse%2C%22weight%22%3A1.0%7D&serviceName=DEFAULT_GROUP%40%40service-provider&encoding=UTF-8&namespaceId=public HTTP/1.1" 200 38 2 Nacos-Java-Client:v1.0.1
192.168.6.236 - - [02/Sep/2019:20:33:07 +0800] "GET /nacos/ HTTP/1.1" 304 - 3 Mozilla/5.0 (Windows NT 10.0; Win64; x64) AppleWebKit/537.36 (KHTML, like Gecko) Chrome/76.0.3809.132 Safari/537.36
192.168.6.236 - - [02/Sep/2019:20:33:07 +0800] "GET /nacos/v1/ns/catalog/service?serviceName=service-provider&groupName=DEFAULT_GROUP&namespaceId= HTTP/1.1" 200 330 1 Mozilla/5.0 (Windows NT 10.0; Win64; x64) AppleWebKit/537.36 (KHTML, like Gecko) Chrome/76.0.3809.132 Safari/537.36
192.168.6.236 - - [02/Sep/2019:20:33:07 +0800] "GET /nacos/v1/console/server/state HTTP/1.1" 200 82 1 Mozilla/5.0 (Windows NT 10.0; Win64; x64) AppleWebKit/537.36 (KHTML, like Gecko) Chrome/76.0.3809.132 Safari/537.36
192.168.6.236 - - [02/Sep/2019:20:33:07 +0800] "GET /nacos/v1/ns/catalog/instances?serviceName=service-provider&clusterName=DEFAULT&groupName=DEFAULT_GROUP&pageSize=10&pageNo=1&namespaceId= HTTP/1.1" 200 631 1 Mozilla/5.0 (Windows NT 10.0; Win64; x64) AppleWebKit/537.36 (KHTML, like Gecko) Chrome/76.0.3809.132 Safari/537.36
192.168.6.236 - - [02/Sep/2019:20:33:07 +0800] "GET /nacos/console-fe/public/img/favicon.ico HTTP/1.1" 200 4286 2 Mozilla/5.0 (Windows NT 10.0; Win64; x64) AppleWebKit/537.36 (KHTML, like Gecko) Chrome/76.0.3809.132 Safari/537.36
192.168.6.236 - - [02/Sep/2019:20:33:09 +0800] "GET /nacos/v1/cs/health HTTP/1.1" 200 2 1 Apache-HttpAsyncClient/4.1.3 (Java/1.8.0_191)
127.0.0.1 - - [02/Sep/2019:20:33:12 +0800] "PUT /nacos/v1/ns/instance/beat?beat=%7B%22cluster%22%3A%22DEFAULT%22%2C%22ip%22%3A%22192.168.6.236%22%2C%22metadata%22%3A%7B%22preserved.register.source%22%3A%22SPRING_CLOUD%22%7D%2C%22period%22%3A5000%2C%22port%22%3A8070%2C%22scheduled%22%3Afalse%2C%22serviceName%22%3A%22DEFAULT_GROUP%40%40service-provider%22%2C%22stopped%22%3Afalse%2C%22weight%22%3A1.0%7D&serviceName=DEFAULT_GROUP%40%40service-provider&encoding=UTF-8&namespaceId=public HTTP/1.1" 200 38 2 Nacos-Java-Client:v1.0.1
127.0.0.1 - - [02/Sep/2019:20:33:13 +0800] "GET /nacos/v1/ns/instance/list?healthyOnly=false&namespaceId=public&clientIP=192.168.6.236&serviceName=DEFAULT_GROUP%40%40service-provider&udpPort=49970&encoding=UTF-8 HTTP/1.1" 200 583 1 Nacos-Java-Client:v1.0.1
192.168.6.236 - - [02/Sep/2019:20:33:14 +0800] "GET /nacos/v1/cs/health HTTP/1.1" 200 2 1 Apache-HttpAsyncClient/4.1.3 (Java/1.8.0_191)
127.0.0.1 - - [02/Sep/2019:20:33:15 +0800] "GET /nacos/v1/ns/instance/list?healthyOnly=false&namespaceId=public&clientIP=192.168.6.236&serviceName=DEFAULT_GROUP%40%40service-provider&udpPort=54655&encoding=UTF-8 HTTP/1.1" 200 583 2 Nacos-Java-Client:v1.0.0
127.0.0.1 - - [02/Sep/2019:20:33:17 +0800] "PUT /nacos/v1/ns/instance/beat?beat=%7B%22cluster%22%3A%22DEFAULT%22%2C%22ip%22%3A%22192.168.6.236%22%2C%22metadata%22%3A%7B%22preserved.register.source%22%3A%22SPRING_CLOUD%22%7D%2C%22period%22%3A5000%2C%22port%22%3A8070%2C%22scheduled%22%3Afalse%2C%22serviceName%22%3A%22DEFAULT_GROUP%40%40service-provider%22%2C%22stopped%22%3Afalse%2C%22weight%22%3A1.0%7D&serviceName=DEFAULT_GROUP%40%40service-provider&encoding=UTF-8&namespaceId=public HTTP/1.1" 200 38 2 Nacos-Java-Client:v1.0.1
192.168.6.236 - - [02/Sep/2019:20:33:19 +0800] "GET /nacos/v1/cs/health HTTP/1.1" 200 2 1 Apache-HttpAsyncClient/4.1.3 (Java/1.8.0_191)
127.0.0.1 - - [02/Sep/2019:20:33:22 +0800] "GET /nacos/v1/ns/service/list?pageSize=2147483647&groupName=DEFAULT_GROUP&encoding=UTF-8&namespaceId=public&pageNo=1 HTTP/1.1" 200 50 2 Nacos-Java-Client:v1.0.1
127.0.0.1 - - [02/Sep/2019:20:33:22 +0800] "PUT /nacos/v1/ns/instance/beat?beat=%7B%22cluster%22%3A%22DEFAULT%22%2C%22ip%22%3A%22192.168.6.236%22%2C%22metadata%22%3A%7B%22preserved.register.source%22%3A%22SPRING_CLOUD%22%7D%2C%22period%22%3A5000%2C%22port%22%3A8070%2C%22scheduled%22%3Afalse%2C%22serviceName%22%3A%22DEFAULT_GROUP%40%40service-provider%22%2C%22stopped%22%3Afalse%2C%22weight%22%3A1.0%7D&serviceName=DEFAULT_GROUP%40%40service-provider&encoding=UTF-8&namespaceId=public HTTP/1.1" 200 38 2 Nacos-Java-Client:v1.0.1
127.0.0.1 - - [02/Sep/2019:20:33:23 +0800] "GET /nacos/v1/ns/instance/list?healthyOnly=false&namespaceId=public&clientIP=192.168.6.236&serviceName=DEFAULT_GROUP%40%40service-provider&udpPort=49970&encoding=UTF-8 HTTP/1.1" 200 583 2 Nacos-Java-Client:v1.0.1
192.168.6.236 - - [02/Sep/2019:20:33:24 +0800] "GET /nacos/v1/cs/health HTTP/1.1" 200 2 1 Apache-HttpAsyncClient/4.1.3 (Java/1.8.0_191)
127.0.0.1 - - [02/Sep/2019:20:33:24 +0800] "GET /nacos/v1/ns/service/list?pageSize=2147483647&groupName=DEFAULT_GROUP&encoding=UTF-8&namespaceId=public&pageNo=1 HTTP/1.1" 200 50 1 Nacos-Java-Client:v1.0.0
127.0.0.1 - - [02/Sep/2019:20:33:25 +0800] "GET /nacos/v1/ns/instance/list?healthyOnly=false&namespaceId=public&clientIP=192.168.6.236&serviceName=DEFAULT_GROUP%40%40service-provider&udpPort=54655&encoding=UTF-8 HTTP/1.1" 200 583 1 Nacos-Java-Client:v1.0.0
127.0.0.1 - - [02/Sep/2019:20:33:27 +0800] "PUT /nacos/v1/ns/instance/beat?beat=%7B%22cluster%22%3A%22DEFAULT%22%2C%22ip%22%3A%22192.168.6.236%22%2C%22metadata%22%3A%7B%22preserved.register.source%22%3A%22SPRING_CLOUD%22%7D%2C%22period%22%3A5000%2C%22port%22%3A8070%2C%22scheduled%22%3Afalse%2C%22serviceName%22%3A%22DEFAULT_GROUP%40%40service-provider%22%2C%22stopped%22%3Afalse%2C%22weight%22%3A1.0%7D&serviceName=DEFAULT_GROUP%40%40service-provider&encoding=UTF-8&namespaceId=public HTTP/1.1" 200 38 6 Nacos-Java-Client:v1.0.1
192.168.6.236 - - [02/Sep/2019:20:33:29 +0800] "GET /nacos/v1/cs/health HTTP/1.1" 200 2 1 Apache-HttpAsyncClient/4.1.3 (Java/1.8.0_191)
127.0.0.1 - - [02/Sep/2019:20:33:32 +0800] "PUT /nacos/v1/ns/instance/beat?beat=%7B%22cluster%22%3A%22DEFAULT%22%2C%22ip%22%3A%22192.168.6.236%22%2C%22metadata%22%3A%7B%22preserved.register.source%22%3A%22SPRING_CLOUD%22%7D%2C%22period%22%3A5000%2C%22port%22%3A8070%2C%22scheduled%22%3Afalse%2C%22serviceName%22%3A%22DEFAULT_GROUP%40%40service-provider%22%2C%22stopped%22%3Afalse%2C%22weight%22%3A1.0%7D&serviceName=DEFAULT_GROUP%40%40service-provider&encoding=UTF-8&namespaceId=public HTTP/1.1" 200 38 2 Nacos-Java-Client:v1.0.1
127.0.0.1 - - [02/Sep/2019:20:33:33 +0800] "GET /nacos/v1/ns/instance/list?healthyOnly=false&namespaceId=public&clientIP=192.168.6.236&serviceName=DEFAULT_GROUP%40%40service-provider&udpPort=49970&encoding=UTF-8 HTTP/1.1" 200 583 5 Nacos-Java-Client:v1.0.1
192.168.6.236 - - [02/Sep/2019:20:33:34 +0800] "GET /nacos/v1/cs/health HTTP/1.1" 200 2 1 Apache-HttpAsyncClient/4.1.3 (Java/1.8.0_191)
127.0.0.1 - - [02/Sep/2019:20:33:35 +0800] "GET /nacos/v1/ns/instance/list?healthyOnly=false&namespaceId=public&clientIP=192.168.6.236&serviceName=DEFAULT_GROUP%40%40service-provider&udpPort=54655&encoding=UTF-8 HTTP/1.1" 200 583 1 Nacos-Java-Client:v1.0.0
127.0.0.1 - - [02/Sep/2019:20:33:37 +0800] "PUT /nacos/v1/ns/instance/beat?beat=%7B%22cluster%22%3A%22DEFAULT%22%2C%22ip%22%3A%22192.168.6.236%22%2C%22metadata%22%3A%7B%22preserved.register.source%22%3A%22SPRING_CLOUD%22%7D%2C%22period%22%3A5000%2C%22port%22%3A8070%2C%22scheduled%22%3Afalse%2C%22serviceName%22%3A%22DEFAULT_GROUP%40%40service-provider%22%2C%22stopped%22%3Afalse%2C%22weight%22%3A1.0%7D&serviceName=DEFAULT_GROUP%40%40service-provider&encoding=UTF-8&namespaceId=public HTTP/1.1" 200 38 2 Nacos-Java-Client:v1.0.1
192.168.6.236 - - [02/Sep/2019:20:33:39 +0800] "GET /nacos/v1/cs/health HTTP/1.1" 200 2 1 Apache-HttpAsyncClient/4.1.3 (Java/1.8.0_191)
127.0.0.1 - - [02/Sep/2019:20:33:42 +0800] "PUT /nacos/v1/ns/instance/beat?beat=%7B%22cluster%22%3A%22DEFAULT%22%2C%22ip%22%3A%22192.168.6.236%22%2C%22metadata%22%3A%7B%22preserved.register.source%22%3A%22SPRING_CLOUD%22%7D%2C%22period%22%3A5000%2C%22port%22%3A8070%2C%22scheduled%22%3Afalse%2C%22serviceName%22%3A%22DEFAULT_GROUP%40%40service-provider%22%2C%22stopped%22%3Afalse%2C%22weight%22%3A1.0%7D&serviceName=DEFAULT_GROUP%40%40service-provider&encoding=UTF-8&namespaceId=public HTTP/1.1" 200 38 1 Nacos-Java-Client:v1.0.1
127.0.0.1 - - [02/Sep/2019:20:33:43 +0800] "GET /nacos/v1/ns/instance/list?healthyOnly=false&namespaceId=public&clientIP=192.168.6.236&serviceName=DEFAULT_GROUP%40%40service-provider&udpPort=49970&encoding=UTF-8 HTTP/1.1" 200 583 1 Nacos-Java-Client:v1.0.1
192.168.6.236 - - [02/Sep/2019:20:33:44 +0800] "GET /nacos/v1/cs/health HTTP/1.1" 200 2 1 Apache-HttpAsyncClient/4.1.3 (Java/1.8.0_191)
127.0.0.1 - - [02/Sep/2019:20:33:45 +0800] "GET /nacos/v1/ns/instance/list?healthyOnly=false&namespaceId=public&clientIP=192.168.6.236&serviceName=DEFAULT_GROUP%40%40service-provider&udpPort=54655&encoding=UTF-8 HTTP/1.1" 200 583 1 Nacos-Java-Client:v1.0.0
