192.168.6.236 - - [02/Sep/2019:20:40:24 +0800] "GET /nacos/v1/cs/health HTTP/1.1" 200 2 2 Apache-HttpAsyncClient/4.1.3 (Java/1.8.0_191)
192.168.6.236 - - [02/Sep/2019:20:40:29 +0800] "GET /nacos/v1/cs/health HTTP/1.1" 200 2 1 Apache-HttpAsyncClient/4.1.3 (Java/1.8.0_191)
127.0.0.1 - - [02/Sep/2019:20:40:30 +0800] "GET /nacos/v1/ns/instance/list?healthyOnly=false&namespaceId=public&clientIP=192.168.6.236&serviceName=DEFAULT_GROUP%40%40service-provider&udpPort=65248&encoding=UTF-8 HTTP/1.1" 200 259 2 Nacos-Java-Client:v1.0.1
192.168.6.236 - - [02/Sep/2019:20:40:34 +0800] "GET /nacos/v1/cs/health HTTP/1.1" 200 2 2 Apache-HttpAsyncClient/4.1.3 (Java/1.8.0_191)
192.168.6.236 - - [02/Sep/2019:20:40:39 +0800] "GET /nacos/v1/cs/health HTTP/1.1" 200 2 0 Apache-HttpAsyncClient/4.1.3 (Java/1.8.0_191)
127.0.0.1 - - [02/Sep/2019:20:40:40 +0800] "GET /nacos/v1/ns/instance/list?healthyOnly=false&namespaceId=public&clientIP=192.168.6.236&serviceName=DEFAULT_GROUP%40%40service-provider&udpPort=65248&encoding=UTF-8 HTTP/1.1" 200 259 1 Nacos-Java-Client:v1.0.1
192.168.6.236 - - [02/Sep/2019:20:40:44 +0800] "GET /nacos/v1/cs/health HTTP/1.1" 200 2 2 Apache-HttpAsyncClient/4.1.3 (Java/1.8.0_191)
192.168.6.236 - - [02/Sep/2019:20:40:49 +0800] "GET /nacos/v1/cs/health HTTP/1.1" 200 2 1 Apache-HttpAsyncClient/4.1.3 (Java/1.8.0_191)
127.0.0.1 - - [02/Sep/2019:20:40:49 +0800] "GET /nacos/v1/ns/service/list?pageSize=2147483647&groupName=DEFAULT_GROUP&encoding=UTF-8&namespaceId=public&pageNo=1 HTTP/1.1" 200 50 2 Nacos-Java-Client:v1.0.1
127.0.0.1 - - [02/Sep/2019:20:40:50 +0800] "GET /nacos/v1/ns/instance/list?healthyOnly=false&namespaceId=public&clientIP=192.168.6.236&serviceName=DEFAULT_GROUP%40%40service-provider&udpPort=65248&encoding=UTF-8 HTTP/1.1" 200 259 1 Nacos-Java-Client:v1.0.1
192.168.6.236 - - [02/Sep/2019:20:40:54 +0800] "GET /nacos/v1/cs/health HTTP/1.1" 200 2 2 Apache-HttpAsyncClient/4.1.3 (Java/1.8.0_191)
192.168.6.236 - - [02/Sep/2019:20:40:59 +0800] "GET /nacos/v1/cs/health HTTP/1.1" 200 2 1 Apache-HttpAsyncClient/4.1.3 (Java/1.8.0_191)
127.0.0.1 - - [02/Sep/2019:20:41:00 +0800] "GET /nacos/v1/ns/instance/list?healthyOnly=false&namespaceId=public&clientIP=192.168.6.236&serviceName=DEFAULT_GROUP%40%40service-provider&udpPort=65248&encoding=UTF-8 HTTP/1.1" 200 259 2 Nacos-Java-Client:v1.0.1
192.168.6.236 - - [02/Sep/2019:20:41:04 +0800] "GET /nacos/v1/cs/health HTTP/1.1" 200 2 1 Apache-HttpAsyncClient/4.1.3 (Java/1.8.0_191)
192.168.6.236 - - [02/Sep/2019:20:41:09 +0800] "GET /nacos/v1/cs/health HTTP/1.1" 200 2 1 Apache-HttpAsyncClient/4.1.3 (Java/1.8.0_191)
127.0.0.1 - - [02/Sep/2019:20:41:10 +0800] "GET /nacos/v1/ns/instance/list?healthyOnly=false&namespaceId=public&clientIP=192.168.6.236&serviceName=DEFAULT_GROUP%40%40service-provider&udpPort=65248&encoding=UTF-8 HTTP/1.1" 200 259 2 Nacos-Java-Client:v1.0.1
192.168.6.236 - - [02/Sep/2019:20:41:14 +0800] "GET /nacos/v1/cs/health HTTP/1.1" 200 2 3 Apache-HttpAsyncClient/4.1.3 (Java/1.8.0_191)
192.168.6.236 - - [02/Sep/2019:20:41:19 +0800] "GET /nacos/v1/cs/health HTTP/1.1" 200 2 1 Apache-HttpAsyncClient/4.1.3 (Java/1.8.0_191)
127.0.0.1 - - [02/Sep/2019:20:41:19 +0800] "GET /nacos/v1/ns/service/list?pageSize=2147483647&groupName=DEFAULT_GROUP&encoding=UTF-8&namespaceId=public&pageNo=1 HTTP/1.1" 200 50 1 Nacos-Java-Client:v1.0.1
127.0.0.1 - - [02/Sep/2019:20:41:20 +0800] "GET /nacos/v1/ns/instance/list?healthyOnly=false&namespaceId=public&clientIP=192.168.6.236&serviceName=DEFAULT_GROUP%40%40service-provider&udpPort=65248&encoding=UTF-8 HTTP/1.1" 200 259 1 Nacos-Java-Client:v1.0.1
192.168.6.236 - - [02/Sep/2019:20:41:24 +0800] "GET /nacos/v1/cs/health HTTP/1.1" 200 2 2 Apache-HttpAsyncClient/4.1.3 (Java/1.8.0_191)
192.168.6.236 - - [02/Sep/2019:20:41:29 +0800] "GET /nacos/v1/cs/health HTTP/1.1" 200 2 1 Apache-HttpAsyncClient/4.1.3 (Java/1.8.0_191)
127.0.0.1 - - [02/Sep/2019:20:41:30 +0800] "GET /nacos/v1/ns/instance/list?healthyOnly=false&namespaceId=public&clientIP=192.168.6.236&serviceName=DEFAULT_GROUP%40%40service-provider&udpPort=65248&encoding=UTF-8 HTTP/1.1" 200 259 2 Nacos-Java-Client:v1.0.1
192.168.6.236 - - [02/Sep/2019:20:41:34 +0800] "GET /nacos/v1/cs/health HTTP/1.1" 200 2 1 Apache-HttpAsyncClient/4.1.3 (Java/1.8.0_191)
192.168.6.236 - - [02/Sep/2019:20:41:39 +0800] "GET /nacos/v1/cs/health HTTP/1.1" 200 2 1 Apache-HttpAsyncClient/4.1.3 (Java/1.8.0_191)
127.0.0.1 - - [02/Sep/2019:20:41:40 +0800] "GET /nacos/v1/ns/instance/list?healthyOnly=false&namespaceId=public&clientIP=192.168.6.236&serviceName=DEFAULT_GROUP%40%40service-provider&udpPort=65248&encoding=UTF-8 HTTP/1.1" 200 259 1 Nacos-Java-Client:v1.0.1
192.168.6.236 - - [02/Sep/2019:20:41:44 +0800] "GET /nacos/v1/cs/health HTTP/1.1" 200 2 1 Apache-HttpAsyncClient/4.1.3 (Java/1.8.0_191)
192.168.6.236 - - [02/Sep/2019:20:41:49 +0800] "GET /nacos/v1/cs/health HTTP/1.1" 200 2 1 Apache-HttpAsyncClient/4.1.3 (Java/1.8.0_191)
127.0.0.1 - - [02/Sep/2019:20:41:49 +0800] "GET /nacos/v1/ns/service/list?pageSize=2147483647&groupName=DEFAULT_GROUP&encoding=UTF-8&namespaceId=public&pageNo=1 HTTP/1.1" 200 50 2 Nacos-Java-Client:v1.0.1
192.168.6.236 - - [02/Sep/2019:20:41:54 +0800] "GET /nacos/v1/cs/health HTTP/1.1" 200 2 1 Apache-HttpAsyncClient/4.1.3 (Java/1.8.0_191)
192.168.6.236 - - [02/Sep/2019:20:41:59 +0800] "GET /nacos/v1/cs/health HTTP/1.1" 200 2 1 Apache-HttpAsyncClient/4.1.3 (Java/1.8.0_191)
192.168.6.236 - - [02/Sep/2019:20:42:04 +0800] "GET /nacos/v1/cs/health HTTP/1.1" 200 2 1 Apache-HttpAsyncClient/4.1.3 (Java/1.8.0_191)
192.168.6.236 - - [02/Sep/2019:20:42:09 +0800] "GET /nacos/v1/cs/health HTTP/1.1" 200 2 3 Apache-HttpAsyncClient/4.1.3 (Java/1.8.0_191)
192.168.6.236 - - [02/Sep/2019:20:42:14 +0800] "GET /nacos/v1/cs/health HTTP/1.1" 200 2 1 Apache-HttpAsyncClient/4.1.3 (Java/1.8.0_191)
192.168.6.236 - - [02/Sep/2019:20:42:19 +0800] "GET /nacos/v1/cs/health HTTP/1.1" 200 2 1 Apache-HttpAsyncClient/4.1.3 (Java/1.8.0_191)
192.168.6.236 - - [02/Sep/2019:20:42:24 +0800] "GET /nacos/v1/cs/health HTTP/1.1" 200 2 1 Apache-HttpAsyncClient/4.1.3 (Java/1.8.0_191)
192.168.6.236 - - [02/Sep/2019:20:42:29 +0800] "GET /nacos/v1/cs/health HTTP/1.1" 200 2 0 Apache-HttpAsyncClient/4.1.3 (Java/1.8.0_191)
192.168.6.236 - - [02/Sep/2019:20:42:34 +0800] "GET /nacos/v1/cs/health HTTP/1.1" 200 2 1 Apache-HttpAsyncClient/4.1.3 (Java/1.8.0_191)
192.168.6.236 - - [02/Sep/2019:20:42:39 +0800] "GET /nacos/v1/cs/health HTTP/1.1" 200 2 1 Apache-HttpAsyncClient/4.1.3 (Java/1.8.0_191)
192.168.6.236 - - [02/Sep/2019:20:42:44 +0800] "GET /nacos/v1/cs/health HTTP/1.1" 200 2 1 Apache-HttpAsyncClient/4.1.3 (Java/1.8.0_191)
192.168.6.236 - - [02/Sep/2019:20:42:49 +0800] "GET /nacos/v1/cs/health HTTP/1.1" 200 2 2 Apache-HttpAsyncClient/4.1.3 (Java/1.8.0_191)
192.168.6.236 - - [02/Sep/2019:20:42:54 +0800] "GET /nacos/v1/cs/health HTTP/1.1" 200 2 2 Apache-HttpAsyncClient/4.1.3 (Java/1.8.0_191)
192.168.6.236 - - [02/Sep/2019:20:42:59 +0800] "GET /nacos/v1/cs/health HTTP/1.1" 200 2 1 Apache-HttpAsyncClient/4.1.3 (Java/1.8.0_191)
192.168.6.236 - - [02/Sep/2019:20:43:04 +0800] "GET /nacos/v1/cs/health HTTP/1.1" 200 2 1 Apache-HttpAsyncClient/4.1.3 (Java/1.8.0_191)
192.168.6.236 - - [02/Sep/2019:20:43:09 +0800] "GET /nacos/v1/cs/health HTTP/1.1" 200 2 1 Apache-HttpAsyncClient/4.1.3 (Java/1.8.0_191)
192.168.6.236 - - [02/Sep/2019:20:43:14 +0800] "GET /nacos/v1/cs/health HTTP/1.1" 200 2 1 Apache-HttpAsyncClient/4.1.3 (Java/1.8.0_191)
192.168.6.236 - - [02/Sep/2019:20:43:19 +0800] "GET /nacos/v1/cs/health HTTP/1.1" 200 2 1 Apache-HttpAsyncClient/4.1.3 (Java/1.8.0_191)
127.0.0.1 - - [02/Sep/2019:20:43:19 +0800] "GET /nacos/v1/ns/service/list?pageSize=2147483647&groupName=DEFAULT_GROUP&encoding=UTF-8&namespaceId=public&pageNo=1 HTTP/1.1" 200 50 2 Nacos-Java-Client:v1.0.1
127.0.0.1 - - [02/Sep/2019:20:43:19 +0800] "GET /nacos/v1/ns/instance/list?healthyOnly=false&namespaceId=public&clientIP=192.168.6.236&serviceName=DEFAULT_GROUP%40%40service-provider&udpPort=64490&encoding=UTF-8 HTTP/1.1" 200 259 2 Nacos-Java-Client:v1.0.1
127.0.0.1 - - [02/Sep/2019:20:43:20 +0800] "GET /nacos/v1/ns/instance/list?healthyOnly=false&namespaceId=public&clientIP=192.168.6.236&serviceName=DEFAULT_GROUP%40%40service-provider&udpPort=64490&encoding=UTF-8 HTTP/1.1" 200 259 1 Nacos-Java-Client:v1.0.1
192.168.6.236 - - [02/Sep/2019:20:43:24 +0800] "GET /nacos/v1/cs/health HTTP/1.1" 200 2 1 Apache-HttpAsyncClient/4.1.3 (Java/1.8.0_191)
192.168.6.236 - - [02/Sep/2019:20:43:29 +0800] "GET /nacos/v1/cs/health HTTP/1.1" 200 2 1 Apache-HttpAsyncClient/4.1.3 (Java/1.8.0_191)
127.0.0.1 - - [02/Sep/2019:20:43:30 +0800] "GET /nacos/v1/ns/instance/list?healthyOnly=false&namespaceId=public&clientIP=192.168.6.236&serviceName=DEFAULT_GROUP%40%40service-provider&udpPort=64490&encoding=UTF-8 HTTP/1.1" 200 259 1 Nacos-Java-Client:v1.0.1
192.168.6.236 - - [02/Sep/2019:20:43:34 +0800] "GET /nacos/v1/cs/health HTTP/1.1" 200 2 1 Apache-HttpAsyncClient/4.1.3 (Java/1.8.0_191)
192.168.6.236 - - [02/Sep/2019:20:43:39 +0800] "GET /nacos/v1/cs/health HTTP/1.1" 200 2 0 Apache-HttpAsyncClient/4.1.3 (Java/1.8.0_191)
127.0.0.1 - - [02/Sep/2019:20:43:40 +0800] "GET /nacos/v1/ns/instance/list?healthyOnly=false&namespaceId=public&clientIP=192.168.6.236&serviceName=DEFAULT_GROUP%40%40service-provider&udpPort=64490&encoding=UTF-8 HTTP/1.1" 200 259 1 Nacos-Java-Client:v1.0.1
192.168.6.236 - - [02/Sep/2019:20:43:44 +0800] "GET /nacos/v1/cs/health HTTP/1.1" 200 2 0 Apache-HttpAsyncClient/4.1.3 (Java/1.8.0_191)
192.168.6.236 - - [02/Sep/2019:20:43:49 +0800] "GET /nacos/v1/cs/health HTTP/1.1" 200 2 1 Apache-HttpAsyncClient/4.1.3 (Java/1.8.0_191)
127.0.0.1 - - [02/Sep/2019:20:43:49 +0800] "GET /nacos/v1/ns/service/list?pageSize=2147483647&groupName=DEFAULT_GROUP&encoding=UTF-8&namespaceId=public&pageNo=1 HTTP/1.1" 200 50 2 Nacos-Java-Client:v1.0.1
127.0.0.1 - - [02/Sep/2019:20:43:50 +0800] "GET /nacos/v1/ns/instance/list?healthyOnly=false&namespaceId=public&clientIP=192.168.6.236&serviceName=DEFAULT_GROUP%40%40service-provider&udpPort=64490&encoding=UTF-8 HTTP/1.1" 200 259 2 Nacos-Java-Client:v1.0.1
192.168.6.236 - - [02/Sep/2019:20:43:54 +0800] "GET /nacos/v1/cs/health HTTP/1.1" 200 2 3 Apache-HttpAsyncClient/4.1.3 (Java/1.8.0_191)
192.168.6.236 - - [02/Sep/2019:20:43:59 +0800] "GET /nacos/v1/cs/health HTTP/1.1" 200 2 63 Apache-HttpAsyncClient/4.1.3 (Java/1.8.0_191)
127.0.0.1 - - [02/Sep/2019:20:44:00 +0800] "GET /nacos/v1/ns/instance/list?healthyOnly=false&namespaceId=public&clientIP=192.168.6.236&serviceName=DEFAULT_GROUP%40%40service-provider&udpPort=64490&encoding=UTF-8 HTTP/1.1" 200 259 1 Nacos-Java-Client:v1.0.1
192.168.6.236 - - [02/Sep/2019:20:44:04 +0800] "GET /nacos/v1/cs/health HTTP/1.1" 200 2 1 Apache-HttpAsyncClient/4.1.3 (Java/1.8.0_191)
192.168.6.236 - - [02/Sep/2019:20:44:09 +0800] "GET /nacos/v1/cs/health HTTP/1.1" 200 2 1 Apache-HttpAsyncClient/4.1.3 (Java/1.8.0_191)
127.0.0.1 - - [02/Sep/2019:20:44:10 +0800] "GET /nacos/v1/ns/instance/list?healthyOnly=false&namespaceId=public&clientIP=192.168.6.236&serviceName=DEFAULT_GROUP%40%40service-provider&udpPort=64490&encoding=UTF-8 HTTP/1.1" 200 259 1 Nacos-Java-Client:v1.0.1
192.168.6.236 - - [02/Sep/2019:20:44:14 +0800] "GET /nacos/v1/cs/health HTTP/1.1" 200 2 2 Apache-HttpAsyncClient/4.1.3 (Java/1.8.0_191)
192.168.6.236 - - [02/Sep/2019:20:44:19 +0800] "GET /nacos/v1/cs/health HTTP/1.1" 200 2 1 Apache-HttpAsyncClient/4.1.3 (Java/1.8.0_191)
127.0.0.1 - - [02/Sep/2019:20:44:19 +0800] "GET /nacos/v1/ns/service/list?pageSize=2147483647&groupName=DEFAULT_GROUP&encoding=UTF-8&namespaceId=public&pageNo=1 HTTP/1.1" 200 50 1 Nacos-Java-Client:v1.0.1
127.0.0.1 - - [02/Sep/2019:20:44:19 +0800] "GET /nacos/v1/ns/instance/list?healthyOnly=false&namespaceId=public&clientIP=192.168.6.236&serviceName=DEFAULT_GROUP%40%40service-provider&udpPort=55834&encoding=UTF-8 HTTP/1.1" 200 259 1 Nacos-Java-Client:v1.0.1
127.0.0.1 - - [02/Sep/2019:20:44:20 +0800] "GET /nacos/v1/ns/instance/list?healthyOnly=false&namespaceId=public&clientIP=192.168.6.236&serviceName=DEFAULT_GROUP%40%40service-provider&udpPort=55834&encoding=UTF-8 HTTP/1.1" 200 259 1 Nacos-Java-Client:v1.0.1
192.168.6.236 - - [02/Sep/2019:20:44:24 +0800] "GET /nacos/v1/cs/health HTTP/1.1" 200 2 1 Apache-HttpAsyncClient/4.1.3 (Java/1.8.0_191)
192.168.6.236 - - [02/Sep/2019:20:44:24 +0800] "GET /nacos/ HTTP/1.1" 304 - 4 Mozilla/5.0 (Windows NT 10.0; Win64; x64) AppleWebKit/537.36 (KHTML, like Gecko) Chrome/76.0.3809.132 Safari/537.36
192.168.6.236 - - [02/Sep/2019:20:44:24 +0800] "GET /nacos/v1/console/namespaces?namespaceId= HTTP/1.1" 200 130 4 Mozilla/5.0 (Windows NT 10.0; Win64; x64) AppleWebKit/537.36 (KHTML, like Gecko) Chrome/76.0.3809.132 Safari/537.36
192.168.6.236 - - [02/Sep/2019:20:44:24 +0800] "GET /nacos/v1/console/server/state HTTP/1.1" 200 82 1 Mozilla/5.0 (Windows NT 10.0; Win64; x64) AppleWebKit/537.36 (KHTML, like Gecko) Chrome/76.0.3809.132 Safari/537.36
192.168.6.236 - - [02/Sep/2019:20:44:24 +0800] "GET /nacos/v1/ns/catalog/services?hasIpCount=true&withInstances=false&pageNo=1&pageSize=10&keyword=&namespaceId= HTTP/1.1" 200 39 2 Mozilla/5.0 (Windows NT 10.0; Win64; x64) AppleWebKit/537.36 (KHTML, like Gecko) Chrome/76.0.3809.132 Safari/537.36
192.168.6.236 - - [02/Sep/2019:20:44:24 +0800] "GET /nacos/console-fe/public/img/favicon.ico HTTP/1.1" 200 4286 3 Mozilla/5.0 (Windows NT 10.0; Win64; x64) AppleWebKit/537.36 (KHTML, like Gecko) Chrome/76.0.3809.132 Safari/537.36
192.168.6.236 - - [02/Sep/2019:20:44:25 +0800] "GET /nacos/ HTTP/1.1" 304 - 2 Mozilla/5.0 (Windows NT 10.0; Win64; x64) AppleWebKit/537.36 (KHTML, like Gecko) Chrome/76.0.3809.132 Safari/537.36
192.168.6.236 - - [02/Sep/2019:20:44:25 +0800] "GET /nacos/v1/console/namespaces?namespaceId= HTTP/1.1" 200 130 3 Mozilla/5.0 (Windows NT 10.0; Win64; x64) AppleWebKit/537.36 (KHTML, like Gecko) Chrome/76.0.3809.132 Safari/537.36
192.168.6.236 - - [02/Sep/2019:20:44:25 +0800] "GET /nacos/v1/console/server/state HTTP/1.1" 200 82 0 Mozilla/5.0 (Windows NT 10.0; Win64; x64) AppleWebKit/537.36 (KHTML, like Gecko) Chrome/76.0.3809.132 Safari/537.36
192.168.6.236 - - [02/Sep/2019:20:44:25 +0800] "GET /nacos/v1/ns/catalog/services?hasIpCount=true&withInstances=false&pageNo=1&pageSize=10&keyword=&namespaceId= HTTP/1.1" 200 39 2 Mozilla/5.0 (Windows NT 10.0; Win64; x64) AppleWebKit/537.36 (KHTML, like Gecko) Chrome/76.0.3809.132 Safari/537.36
192.168.6.236 - - [02/Sep/2019:20:44:25 +0800] "GET /nacos/ HTTP/1.1" 304 - 3 Mozilla/5.0 (Windows NT 10.0; Win64; x64) AppleWebKit/537.36 (KHTML, like Gecko) Chrome/76.0.3809.132 Safari/537.36
192.168.6.236 - - [02/Sep/2019:20:44:25 +0800] "GET /nacos/v1/console/namespaces?namespaceId= HTTP/1.1" 200 130 3 Mozilla/5.0 (Windows NT 10.0; Win64; x64) AppleWebKit/537.36 (KHTML, like Gecko) Chrome/76.0.3809.132 Safari/537.36
192.168.6.236 - - [02/Sep/2019:20:44:25 +0800] "GET /nacos/v1/console/server/state HTTP/1.1" 200 82 1 Mozilla/5.0 (Windows NT 10.0; Win64; x64) AppleWebKit/537.36 (KHTML, like Gecko) Chrome/76.0.3809.132 Safari/537.36
192.168.6.236 - - [02/Sep/2019:20:44:25 +0800] "GET /nacos/ HTTP/1.1" 304 - 3 Mozilla/5.0 (Windows NT 10.0; Win64; x64) AppleWebKit/537.36 (KHTML, like Gecko) Chrome/76.0.3809.132 Safari/537.36
192.168.6.236 - - [02/Sep/2019:20:44:25 +0800] "GET /nacos/v1/ns/catalog/services?hasIpCount=true&withInstances=false&pageNo=1&pageSize=10&keyword=&namespaceId= HTTP/1.1" 200 39 1 Mozilla/5.0 (Windows NT 10.0; Win64; x64) AppleWebKit/537.36 (KHTML, like Gecko) Chrome/76.0.3809.132 Safari/537.36
192.168.6.236 - - [02/Sep/2019:20:44:25 +0800] "GET /nacos/v1/console/namespaces?namespaceId= HTTP/1.1" 200 130 2 Mozilla/5.0 (Windows NT 10.0; Win64; x64) AppleWebKit/537.36 (KHTML, like Gecko) Chrome/76.0.3809.132 Safari/537.36
192.168.6.236 - - [02/Sep/2019:20:44:25 +0800] "GET /nacos/v1/console/server/state HTTP/1.1" 200 82 1 Mozilla/5.0 (Windows NT 10.0; Win64; x64) AppleWebKit/537.36 (KHTML, like Gecko) Chrome/76.0.3809.132 Safari/537.36
192.168.6.236 - - [02/Sep/2019:20:44:25 +0800] "GET /nacos/v1/ns/catalog/services?hasIpCount=true&withInstances=false&pageNo=1&pageSize=10&keyword=&namespaceId= HTTP/1.1" 200 39 1 Mozilla/5.0 (Windows NT 10.0; Win64; x64) AppleWebKit/537.36 (KHTML, like Gecko) Chrome/76.0.3809.132 Safari/537.36
192.168.6.236 - - [02/Sep/2019:20:44:25 +0800] "GET /nacos/ HTTP/1.1" 304 - 2 Mozilla/5.0 (Windows NT 10.0; Win64; x64) AppleWebKit/537.36 (KHTML, like Gecko) Chrome/76.0.3809.132 Safari/537.36
192.168.6.236 - - [02/Sep/2019:20:44:25 +0800] "GET /nacos/v1/console/namespaces?namespaceId= HTTP/1.1" 200 130 2 Mozilla/5.0 (Windows NT 10.0; Win64; x64) AppleWebKit/537.36 (KHTML, like Gecko) Chrome/76.0.3809.132 Safari/537.36
192.168.6.236 - - [02/Sep/2019:20:44:25 +0800] "GET /nacos/v1/console/server/state HTTP/1.1" 200 82 0 Mozilla/5.0 (Windows NT 10.0; Win64; x64) AppleWebKit/537.36 (KHTML, like Gecko) Chrome/76.0.3809.132 Safari/537.36
192.168.6.236 - - [02/Sep/2019:20:44:25 +0800] "GET /nacos/ HTTP/1.1" 304 - 4 Mozilla/5.0 (Windows NT 10.0; Win64; x64) AppleWebKit/537.36 (KHTML, like Gecko) Chrome/76.0.3809.132 Safari/537.36
192.168.6.236 - - [02/Sep/2019:20:44:25 +0800] "GET /nacos/v1/ns/catalog/services?hasIpCount=true&withInstances=false&pageNo=1&pageSize=10&keyword=&namespaceId= HTTP/1.1" 200 39 1 Mozilla/5.0 (Windows NT 10.0; Win64; x64) AppleWebKit/537.36 (KHTML, like Gecko) Chrome/76.0.3809.132 Safari/537.36
192.168.6.236 - - [02/Sep/2019:20:44:25 +0800] "GET /nacos/v1/console/namespaces?namespaceId= HTTP/1.1" 200 130 3 Mozilla/5.0 (Windows NT 10.0; Win64; x64) AppleWebKit/537.36 (KHTML, like Gecko) Chrome/76.0.3809.132 Safari/537.36
192.168.6.236 - - [02/Sep/2019:20:44:25 +0800] "GET /nacos/v1/console/server/state HTTP/1.1" 200 82 2 Mozilla/5.0 (Windows NT 10.0; Win64; x64) AppleWebKit/537.36 (KHTML, like Gecko) Chrome/76.0.3809.132 Safari/537.36
192.168.6.236 - - [02/Sep/2019:20:44:25 +0800] "GET /nacos/ HTTP/1.1" 304 - 4 Mozilla/5.0 (Windows NT 10.0; Win64; x64) AppleWebKit/537.36 (KHTML, like Gecko) Chrome/76.0.3809.132 Safari/537.36
192.168.6.236 - - [02/Sep/2019:20:44:25 +0800] "GET /nacos/v1/ns/catalog/services?hasIpCount=true&withInstances=false&pageNo=1&pageSize=10&keyword=&namespaceId= HTTP/1.1" 200 39 3 Mozilla/5.0 (Windows NT 10.0; Win64; x64) AppleWebKit/537.36 (KHTML, like Gecko) Chrome/76.0.3809.132 Safari/537.36
192.168.6.236 - - [02/Sep/2019:20:44:26 +0800] "GET /nacos/v1/console/namespaces?namespaceId= HTTP/1.1" 200 130 2 Mozilla/5.0 (Windows NT 10.0; Win64; x64) AppleWebKit/537.36 (KHTML, like Gecko) Chrome/76.0.3809.132 Safari/537.36
192.168.6.236 - - [02/Sep/2019:20:44:26 +0800] "GET /nacos/v1/console/server/state HTTP/1.1" 200 82 0 Mozilla/5.0 (Windows NT 10.0; Win64; x64) AppleWebKit/537.36 (KHTML, like Gecko) Chrome/76.0.3809.132 Safari/537.36
192.168.6.236 - - [02/Sep/2019:20:44:26 +0800] "GET /nacos/ HTTP/1.1" 304 - 4 Mozilla/5.0 (Windows NT 10.0; Win64; x64) AppleWebKit/537.36 (KHTML, like Gecko) Chrome/76.0.3809.132 Safari/537.36
192.168.6.236 - - [02/Sep/2019:20:44:26 +0800] "GET /nacos/v1/console/namespaces?namespaceId= HTTP/1.1" 200 130 3 Mozilla/5.0 (Windows NT 10.0; Win64; x64) AppleWebKit/537.36 (KHTML, like Gecko) Chrome/76.0.3809.132 Safari/537.36
192.168.6.236 - - [02/Sep/2019:20:44:26 +0800] "GET /nacos/v1/console/server/state HTTP/1.1" 200 82 1 Mozilla/5.0 (Windows NT 10.0; Win64; x64) AppleWebKit/537.36 (KHTML, like Gecko) Chrome/76.0.3809.132 Safari/537.36
192.168.6.236 - - [02/Sep/2019:20:44:26 +0800] "GET /nacos/ HTTP/1.1" 304 - 3 Mozilla/5.0 (Windows NT 10.0; Win64; x64) AppleWebKit/537.36 (KHTML, like Gecko) Chrome/76.0.3809.132 Safari/537.36
192.168.6.236 - - [02/Sep/2019:20:44:26 +0800] "GET /nacos/v1/console/namespaces?namespaceId= HTTP/1.1" 200 130 3 Mozilla/5.0 (Windows NT 10.0; Win64; x64) AppleWebKit/537.36 (KHTML, like Gecko) Chrome/76.0.3809.132 Safari/537.36
192.168.6.236 - - [02/Sep/2019:20:44:26 +0800] "GET /nacos/v1/console/server/state HTTP/1.1" 200 82 1 Mozilla/5.0 (Windows NT 10.0; Win64; x64) AppleWebKit/537.36 (KHTML, like Gecko) Chrome/76.0.3809.132 Safari/537.36
192.168.6.236 - - [02/Sep/2019:20:44:26 +0800] "GET /nacos/v1/ns/catalog/services?hasIpCount=true&withInstances=false&pageNo=1&pageSize=10&keyword=&namespaceId= HTTP/1.1" 200 39 1 Mozilla/5.0 (Windows NT 10.0; Win64; x64) AppleWebKit/537.36 (KHTML, like Gecko) Chrome/76.0.3809.132 Safari/537.36
192.168.6.236 - - [02/Sep/2019:20:44:26 +0800] "GET /nacos/ HTTP/1.1" 304 - 3 Mozilla/5.0 (Windows NT 10.0; Win64; x64) AppleWebKit/537.36 (KHTML, like Gecko) Chrome/76.0.3809.132 Safari/537.36
192.168.6.236 - - [02/Sep/2019:20:44:26 +0800] "GET /nacos/v1/console/namespaces?namespaceId= HTTP/1.1" 200 130 3 Mozilla/5.0 (Windows NT 10.0; Win64; x64) AppleWebKit/537.36 (KHTML, like Gecko) Chrome/76.0.3809.132 Safari/537.36
192.168.6.236 - - [02/Sep/2019:20:44:26 +0800] "GET /nacos/v1/console/server/state HTTP/1.1" 200 82 1 Mozilla/5.0 (Windows NT 10.0; Win64; x64) AppleWebKit/537.36 (KHTML, like Gecko) Chrome/76.0.3809.132 Safari/537.36
192.168.6.236 - - [02/Sep/2019:20:44:26 +0800] "GET /nacos/ HTTP/1.1" 304 - 3 Mozilla/5.0 (Windows NT 10.0; Win64; x64) AppleWebKit/537.36 (KHTML, like Gecko) Chrome/76.0.3809.132 Safari/537.36
192.168.6.236 - - [02/Sep/2019:20:44:26 +0800] "GET /nacos/v1/ns/catalog/services?hasIpCount=true&withInstances=false&pageNo=1&pageSize=10&keyword=&namespaceId= HTTP/1.1" 200 39 1 Mozilla/5.0 (Windows NT 10.0; Win64; x64) AppleWebKit/537.36 (KHTML, like Gecko) Chrome/76.0.3809.132 Safari/537.36
192.168.6.236 - - [02/Sep/2019:20:44:26 +0800] "GET /nacos/v1/console/namespaces?namespaceId= HTTP/1.1" 200 130 3 Mozilla/5.0 (Windows NT 10.0; Win64; x64) AppleWebKit/537.36 (KHTML, like Gecko) Chrome/76.0.3809.132 Safari/537.36
192.168.6.236 - - [02/Sep/2019:20:44:26 +0800] "GET /nacos/v1/console/server/state HTTP/1.1" 200 82 2 Mozilla/5.0 (Windows NT 10.0; Win64; x64) AppleWebKit/537.36 (KHTML, like Gecko) Chrome/76.0.3809.132 Safari/537.36
192.168.6.236 - - [02/Sep/2019:20:44:26 +0800] "GET /nacos/v1/ns/catalog/services?hasIpCount=true&withInstances=false&pageNo=1&pageSize=10&keyword=&namespaceId= HTTP/1.1" 200 39 1 Mozilla/5.0 (Windows NT 10.0; Win64; x64) AppleWebKit/537.36 (KHTML, like Gecko) Chrome/76.0.3809.132 Safari/537.36
192.168.6.236 - - [02/Sep/2019:20:44:26 +0800] "GET /nacos/ HTTP/1.1" 304 - 3 Mozilla/5.0 (Windows NT 10.0; Win64; x64) AppleWebKit/537.36 (KHTML, like Gecko) Chrome/76.0.3809.132 Safari/537.36
192.168.6.236 - - [02/Sep/2019:20:44:26 +0800] "GET /nacos/v1/console/namespaces?namespaceId= HTTP/1.1" 200 130 2 Mozilla/5.0 (Windows NT 10.0; Win64; x64) AppleWebKit/537.36 (KHTML, like Gecko) Chrome/76.0.3809.132 Safari/537.36
192.168.6.236 - - [02/Sep/2019:20:44:26 +0800] "GET /nacos/v1/console/server/state HTTP/1.1" 200 82 1 Mozilla/5.0 (Windows NT 10.0; Win64; x64) AppleWebKit/537.36 (KHTML, like Gecko) Chrome/76.0.3809.132 Safari/537.36
192.168.6.236 - - [02/Sep/2019:20:44:26 +0800] "GET /nacos/ HTTP/1.1" 304 - 2 Mozilla/5.0 (Windows NT 10.0; Win64; x64) AppleWebKit/537.36 (KHTML, like Gecko) Chrome/76.0.3809.132 Safari/537.36
192.168.6.236 - - [02/Sep/2019:20:44:26 +0800] "GET /nacos/v1/console/namespaces?namespaceId= HTTP/1.1" 200 130 2 Mozilla/5.0 (Windows NT 10.0; Win64; x64) AppleWebKit/537.36 (KHTML, like Gecko) Chrome/76.0.3809.132 Safari/537.36
192.168.6.236 - - [02/Sep/2019:20:44:26 +0800] "GET /nacos/v1/console/server/state HTTP/1.1" 200 82 1 Mozilla/5.0 (Windows NT 10.0; Win64; x64) AppleWebKit/537.36 (KHTML, like Gecko) Chrome/76.0.3809.132 Safari/537.36
192.168.6.236 - - [02/Sep/2019:20:44:26 +0800] "GET /nacos/v1/ns/catalog/services?hasIpCount=true&withInstances=false&pageNo=1&pageSize=10&keyword=&namespaceId= HTTP/1.1" 200 39 1 Mozilla/5.0 (Windows NT 10.0; Win64; x64) AppleWebKit/537.36 (KHTML, like Gecko) Chrome/76.0.3809.132 Safari/537.36
192.168.6.236 - - [02/Sep/2019:20:44:26 +0800] "GET /nacos/console-fe/public/img/favicon.ico HTTP/1.1" 200 4286 1 Mozilla/5.0 (Windows NT 10.0; Win64; x64) AppleWebKit/537.36 (KHTML, like Gecko) Chrome/76.0.3809.132 Safari/537.36
192.168.6.236 - - [02/Sep/2019:20:44:27 +0800] "GET /nacos/ HTTP/1.1" 304 - 3 Mozilla/5.0 (Windows NT 10.0; Win64; x64) AppleWebKit/537.36 (KHTML, like Gecko) Chrome/76.0.3809.132 Safari/537.36
192.168.6.236 - - [02/Sep/2019:20:44:27 +0800] "GET /nacos/v1/console/namespaces?namespaceId= HTTP/1.1" 200 130 2 Mozilla/5.0 (Windows NT 10.0; Win64; x64) AppleWebKit/537.36 (KHTML, like Gecko) Chrome/76.0.3809.132 Safari/537.36
192.168.6.236 - - [02/Sep/2019:20:44:27 +0800] "GET /nacos/v1/console/server/state HTTP/1.1" 200 82 1 Mozilla/5.0 (Windows NT 10.0; Win64; x64) AppleWebKit/537.36 (KHTML, like Gecko) Chrome/76.0.3809.132 Safari/537.36
192.168.6.236 - - [02/Sep/2019:20:44:27 +0800] "GET /nacos/v1/ns/catalog/services?hasIpCount=true&withInstances=false&pageNo=1&pageSize=10&keyword=&namespaceId= HTTP/1.1" 200 39 1 Mozilla/5.0 (Windows NT 10.0; Win64; x64) AppleWebKit/537.36 (KHTML, like Gecko) Chrome/76.0.3809.132 Safari/537.36
192.168.6.236 - - [02/Sep/2019:20:44:27 +0800] "GET /nacos/console-fe/public/img/favicon.ico HTTP/1.1" 200 4286 2 Mozilla/5.0 (Windows NT 10.0; Win64; x64) AppleWebKit/537.36 (KHTML, like Gecko) Chrome/76.0.3809.132 Safari/537.36
192.168.6.236 - - [02/Sep/2019:20:44:29 +0800] "GET /nacos/v1/cs/health HTTP/1.1" 200 2 1 Apache-HttpAsyncClient/4.1.3 (Java/1.8.0_191)
127.0.0.1 - - [02/Sep/2019:20:44:30 +0800] "GET /nacos/v1/ns/instance/list?healthyOnly=false&namespaceId=public&clientIP=192.168.6.236&serviceName=DEFAULT_GROUP%40%40service-provider&udpPort=55834&encoding=UTF-8 HTTP/1.1" 200 259 2 Nacos-Java-Client:v1.0.1
192.168.6.236 - - [02/Sep/2019:20:44:34 +0800] "GET /nacos/v1/cs/health HTTP/1.1" 200 2 1 Apache-HttpAsyncClient/4.1.3 (Java/1.8.0_191)
192.168.6.236 - - [02/Sep/2019:20:44:36 +0800] "GET /nacos/v1/ns/operator/cluster/states?withInstances=false&pageNo=1&pageSize=10&keyword=&namespaceId= HTTP/1.1" 200 171 3 Mozilla/5.0 (Windows NT 10.0; Win64; x64) AppleWebKit/537.36 (KHTML, like Gecko) Chrome/76.0.3809.132 Safari/537.36
192.168.6.236 - - [02/Sep/2019:20:44:39 +0800] "GET /nacos/v1/cs/health HTTP/1.1" 200 2 1 Apache-HttpAsyncClient/4.1.3 (Java/1.8.0_191)
127.0.0.1 - - [02/Sep/2019:20:44:40 +0800] "GET /nacos/v1/ns/instance/list?healthyOnly=false&namespaceId=public&clientIP=192.168.6.236&serviceName=DEFAULT_GROUP%40%40service-provider&udpPort=55834&encoding=UTF-8 HTTP/1.1" 200 259 1 Nacos-Java-Client:v1.0.1
192.168.6.236 - - [02/Sep/2019:20:44:44 +0800] "GET /nacos/v1/cs/health HTTP/1.1" 200 2 1 Apache-HttpAsyncClient/4.1.3 (Java/1.8.0_191)
192.168.6.236 - - [02/Sep/2019:20:44:45 +0800] "GET /nacos/v1/ns/catalog/services?hasIpCount=true&withInstances=false&pageNo=1&pageSize=10&keyword=&namespaceId= HTTP/1.1" 200 39 1 Mozilla/5.0 (Windows NT 10.0; Win64; x64) AppleWebKit/537.36 (KHTML, like Gecko) Chrome/76.0.3809.132 Safari/537.36
192.168.6.236 - - [02/Sep/2019:20:44:49 +0800] "GET /nacos/v1/cs/health HTTP/1.1" 200 2 1 Apache-HttpAsyncClient/4.1.3 (Java/1.8.0_191)
127.0.0.1 - - [02/Sep/2019:20:44:49 +0800] "GET /nacos/v1/ns/service/list?pageSize=2147483647&groupName=DEFAULT_GROUP&encoding=UTF-8&namespaceId=public&pageNo=1 HTTP/1.1" 200 50 1 Nacos-Java-Client:v1.0.1
127.0.0.1 - - [02/Sep/2019:20:44:50 +0800] "GET /nacos/v1/ns/instance/list?healthyOnly=false&namespaceId=public&clientIP=192.168.6.236&serviceName=DEFAULT_GROUP%40%40service-provider&udpPort=55834&encoding=UTF-8 HTTP/1.1" 200 259 1 Nacos-Java-Client:v1.0.1
192.168.6.236 - - [02/Sep/2019:20:44:54 +0800] "GET /nacos/v1/cs/health HTTP/1.1" 200 2 2 Apache-HttpAsyncClient/4.1.3 (Java/1.8.0_191)
192.168.6.236 - - [02/Sep/2019:20:44:59 +0800] "GET /nacos/v1/cs/health HTTP/1.1" 200 2 1 Apache-HttpAsyncClient/4.1.3 (Java/1.8.0_191)
127.0.0.1 - - [02/Sep/2019:20:45:00 +0800] "GET /nacos/v1/ns/instance/list?healthyOnly=false&namespaceId=public&clientIP=192.168.6.236&serviceName=DEFAULT_GROUP%40%40service-provider&udpPort=55834&encoding=UTF-8 HTTP/1.1" 200 259 2 Nacos-Java-Client:v1.0.1
192.168.6.236 - - [02/Sep/2019:20:45:04 +0800] "GET /nacos/v1/cs/health HTTP/1.1" 200 2 2 Apache-HttpAsyncClient/4.1.3 (Java/1.8.0_191)
192.168.6.236 - - [02/Sep/2019:20:45:09 +0800] "GET /nacos/v1/cs/health HTTP/1.1" 200 2 1 Apache-HttpAsyncClient/4.1.3 (Java/1.8.0_191)
127.0.0.1 - - [02/Sep/2019:20:45:10 +0800] "GET /nacos/v1/ns/instance/list?healthyOnly=false&namespaceId=public&clientIP=192.168.6.236&serviceName=DEFAULT_GROUP%40%40service-provider&udpPort=55834&encoding=UTF-8 HTTP/1.1" 200 259 1 Nacos-Java-Client:v1.0.1
192.168.6.236 - - [02/Sep/2019:20:45:14 +0800] "GET /nacos/v1/cs/health HTTP/1.1" 200 2 0 Apache-HttpAsyncClient/4.1.3 (Java/1.8.0_191)
192.168.6.236 - - [02/Sep/2019:20:45:19 +0800] "GET /nacos/v1/cs/health HTTP/1.1" 200 2 1 Apache-HttpAsyncClient/4.1.3 (Java/1.8.0_191)
127.0.0.1 - - [02/Sep/2019:20:45:19 +0800] "GET /nacos/v1/ns/service/list?pageSize=2147483647&groupName=DEFAULT_GROUP&encoding=UTF-8&namespaceId=public&pageNo=1 HTTP/1.1" 200 50 2 Nacos-Java-Client:v1.0.1
127.0.0.1 - - [02/Sep/2019:20:45:20 +0800] "GET /nacos/v1/ns/instance/list?healthyOnly=false&namespaceId=public&clientIP=192.168.6.236&serviceName=DEFAULT_GROUP%40%40service-provider&udpPort=55834&encoding=UTF-8 HTTP/1.1" 200 259 1 Nacos-Java-Client:v1.0.1
192.168.6.236 - - [02/Sep/2019:20:45:24 +0800] "GET /nacos/v1/cs/health HTTP/1.1" 200 2 2 Apache-HttpAsyncClient/4.1.3 (Java/1.8.0_191)
192.168.6.236 - - [02/Sep/2019:20:45:29 +0800] "GET /nacos/v1/cs/health HTTP/1.1" 200 2 0 Apache-HttpAsyncClient/4.1.3 (Java/1.8.0_191)
192.168.6.236 - - [02/Sep/2019:20:45:34 +0800] "GET /nacos/v1/cs/health HTTP/1.1" 200 2 1 Apache-HttpAsyncClient/4.1.3 (Java/1.8.0_191)
192.168.6.236 - - [02/Sep/2019:20:45:39 +0800] "GET /nacos/v1/cs/health HTTP/1.1" 200 2 1 Apache-HttpAsyncClient/4.1.3 (Java/1.8.0_191)
192.168.6.236 - - [02/Sep/2019:20:45:44 +0800] "GET /nacos/v1/cs/health HTTP/1.1" 200 2 1 Apache-HttpAsyncClient/4.1.3 (Java/1.8.0_191)
192.168.6.236 - - [02/Sep/2019:20:45:49 +0800] "GET /nacos/v1/cs/health HTTP/1.1" 200 2 1 Apache-HttpAsyncClient/4.1.3 (Java/1.8.0_191)
192.168.6.236 - - [02/Sep/2019:20:45:54 +0800] "GET /nacos/v1/cs/health HTTP/1.1" 200 2 1 Apache-HttpAsyncClient/4.1.3 (Java/1.8.0_191)
192.168.6.236 - - [02/Sep/2019:20:45:59 +0800] "GET /nacos/v1/cs/health HTTP/1.1" 200 2 1 Apache-HttpAsyncClient/4.1.3 (Java/1.8.0_191)
192.168.6.236 - - [02/Sep/2019:20:46:04 +0800] "GET /nacos/v1/cs/health HTTP/1.1" 200 2 0 Apache-HttpAsyncClient/4.1.3 (Java/1.8.0_191)
192.168.6.236 - - [02/Sep/2019:20:46:09 +0800] "GET /nacos/v1/cs/health HTTP/1.1" 200 2 1 Apache-HttpAsyncClient/4.1.3 (Java/1.8.0_191)
192.168.6.236 - - [02/Sep/2019:20:46:14 +0800] "GET /nacos/v1/cs/health HTTP/1.1" 200 2 2 Apache-HttpAsyncClient/4.1.3 (Java/1.8.0_191)
127.0.0.1 - - [02/Sep/2019:20:46:18 +0800] "GET /nacos/v1/ns/service/list?pageSize=2147483647&groupName=DEFAULT_GROUP&encoding=UTF-8&namespaceId=public&pageNo=1 HTTP/1.1" 200 50 2 Nacos-Java-Client:v1.0.1
127.0.0.1 - - [02/Sep/2019:20:46:18 +0800] "GET /nacos/v1/ns/instance/list?healthyOnly=false&namespaceId=public&clientIP=192.168.6.236&serviceName=DEFAULT_GROUP%40%40service-provider&udpPort=50960&encoding=UTF-8 HTTP/1.1" 200 259 2 Nacos-Java-Client:v1.0.1
192.168.6.236 - - [02/Sep/2019:20:46:19 +0800] "GET /nacos/v1/cs/health HTTP/1.1" 200 2 0 Apache-HttpAsyncClient/4.1.3 (Java/1.8.0_191)
127.0.0.1 - - [02/Sep/2019:20:46:19 +0800] "GET /nacos/v1/ns/instance/list?healthyOnly=false&namespaceId=public&clientIP=192.168.6.236&serviceName=DEFAULT_GROUP%40%40service-provider&udpPort=50960&encoding=UTF-8 HTTP/1.1" 200 259 1 Nacos-Java-Client:v1.0.1
192.168.6.236 - - [02/Sep/2019:20:46:24 +0800] "GET /nacos/ HTTP/1.1" 304 - 4 Mozilla/5.0 (Windows NT 10.0; Win64; x64) AppleWebKit/537.36 (KHTML, like Gecko) Chrome/76.0.3809.132 Safari/537.36
192.168.6.236 - - [02/Sep/2019:20:46:24 +0800] "GET /nacos/v1/cs/health HTTP/1.1" 200 2 1 Apache-HttpAsyncClient/4.1.3 (Java/1.8.0_191)
192.168.6.236 - - [02/Sep/2019:20:46:24 +0800] "GET /nacos/v1/console/namespaces?namespaceId= HTTP/1.1" 200 130 3 Mozilla/5.0 (Windows NT 10.0; Win64; x64) AppleWebKit/537.36 (KHTML, like Gecko) Chrome/76.0.3809.132 Safari/537.36
192.168.6.236 - - [02/Sep/2019:20:46:24 +0800] "GET /nacos/v1/console/server/state HTTP/1.1" 200 82 1 Mozilla/5.0 (Windows NT 10.0; Win64; x64) AppleWebKit/537.36 (KHTML, like Gecko) Chrome/76.0.3809.132 Safari/537.36
192.168.6.236 - - [02/Sep/2019:20:46:24 +0800] "GET /nacos/v1/ns/catalog/services?hasIpCount=true&withInstances=false&pageNo=1&pageSize=10&keyword=&namespaceId= HTTP/1.1" 200 39 3 Mozilla/5.0 (Windows NT 10.0; Win64; x64) AppleWebKit/537.36 (KHTML, like Gecko) Chrome/76.0.3809.132 Safari/537.36
192.168.6.236 - - [02/Sep/2019:20:46:24 +0800] "GET /nacos/console-fe/public/img/favicon.ico HTTP/1.1" 200 4286 2 Mozilla/5.0 (Windows NT 10.0; Win64; x64) AppleWebKit/537.36 (KHTML, like Gecko) Chrome/76.0.3809.132 Safari/537.36
192.168.6.236 - - [02/Sep/2019:20:46:24 +0800] "GET /nacos/ HTTP/1.1" 304 - 3 Mozilla/5.0 (Windows NT 10.0; Win64; x64) AppleWebKit/537.36 (KHTML, like Gecko) Chrome/76.0.3809.132 Safari/537.36
192.168.6.236 - - [02/Sep/2019:20:46:24 +0800] "GET /nacos/v1/console/namespaces?namespaceId= HTTP/1.1" 200 130 3 Mozilla/5.0 (Windows NT 10.0; Win64; x64) AppleWebKit/537.36 (KHTML, like Gecko) Chrome/76.0.3809.132 Safari/537.36
192.168.6.236 - - [02/Sep/2019:20:46:24 +0800] "GET /nacos/v1/console/server/state HTTP/1.1" 200 82 1 Mozilla/5.0 (Windows NT 10.0; Win64; x64) AppleWebKit/537.36 (KHTML, like Gecko) Chrome/76.0.3809.132 Safari/537.36
192.168.6.236 - - [02/Sep/2019:20:46:25 +0800] "GET /nacos/v1/ns/catalog/services?hasIpCount=true&withInstances=false&pageNo=1&pageSize=10&keyword=&namespaceId= HTTP/1.1" 200 39 1 Mozilla/5.0 (Windows NT 10.0; Win64; x64) AppleWebKit/537.36 (KHTML, like Gecko) Chrome/76.0.3809.132 Safari/537.36
192.168.6.236 - - [02/Sep/2019:20:46:25 +0800] "GET /nacos/console-fe/public/img/favicon.ico HTTP/1.1" 200 4286 1 Mozilla/5.0 (Windows NT 10.0; Win64; x64) AppleWebKit/537.36 (KHTML, like Gecko) Chrome/76.0.3809.132 Safari/537.36
192.168.6.236 - - [02/Sep/2019:20:46:25 +0800] "GET /nacos/ HTTP/1.1" 304 - 2 Mozilla/5.0 (Windows NT 10.0; Win64; x64) AppleWebKit/537.36 (KHTML, like Gecko) Chrome/76.0.3809.132 Safari/537.36
192.168.6.236 - - [02/Sep/2019:20:46:25 +0800] "GET /nacos/v1/console/namespaces?namespaceId= HTTP/1.1" 200 130 2 Mozilla/5.0 (Windows NT 10.0; Win64; x64) AppleWebKit/537.36 (KHTML, like Gecko) Chrome/76.0.3809.132 Safari/537.36
192.168.6.236 - - [02/Sep/2019:20:46:25 +0800] "GET /nacos/v1/console/server/state HTTP/1.1" 200 82 1 Mozilla/5.0 (Windows NT 10.0; Win64; x64) AppleWebKit/537.36 (KHTML, like Gecko) Chrome/76.0.3809.132 Safari/537.36
192.168.6.236 - - [02/Sep/2019:20:46:25 +0800] "GET /nacos/v1/ns/catalog/services?hasIpCount=true&withInstances=false&pageNo=1&pageSize=10&keyword=&namespaceId= HTTP/1.1" 200 39 1 Mozilla/5.0 (Windows NT 10.0; Win64; x64) AppleWebKit/537.36 (KHTML, like Gecko) Chrome/76.0.3809.132 Safari/537.36
192.168.6.236 - - [02/Sep/2019:20:46:25 +0800] "GET /nacos/console-fe/public/img/favicon.ico HTTP/1.1" 200 4286 1 Mozilla/5.0 (Windows NT 10.0; Win64; x64) AppleWebKit/537.36 (KHTML, like Gecko) Chrome/76.0.3809.132 Safari/537.36
192.168.6.236 - - [02/Sep/2019:20:46:25 +0800] "GET /nacos/ HTTP/1.1" 304 - 2 Mozilla/5.0 (Windows NT 10.0; Win64; x64) AppleWebKit/537.36 (KHTML, like Gecko) Chrome/76.0.3809.132 Safari/537.36
192.168.6.236 - - [02/Sep/2019:20:46:25 +0800] "GET /nacos/v1/console/namespaces?namespaceId= HTTP/1.1" 200 130 4 Mozilla/5.0 (Windows NT 10.0; Win64; x64) AppleWebKit/537.36 (KHTML, like Gecko) Chrome/76.0.3809.132 Safari/537.36
192.168.6.236 - - [02/Sep/2019:20:46:25 +0800] "GET /nacos/v1/console/server/state HTTP/1.1" 200 82 1 Mozilla/5.0 (Windows NT 10.0; Win64; x64) AppleWebKit/537.36 (KHTML, like Gecko) Chrome/76.0.3809.132 Safari/537.36
192.168.6.236 - - [02/Sep/2019:20:46:25 +0800] "GET /nacos/v1/ns/catalog/services?hasIpCount=true&withInstances=false&pageNo=1&pageSize=10&keyword=&namespaceId= HTTP/1.1" 200 39 1 Mozilla/5.0 (Windows NT 10.0; Win64; x64) AppleWebKit/537.36 (KHTML, like Gecko) Chrome/76.0.3809.132 Safari/537.36
192.168.6.236 - - [02/Sep/2019:20:46:25 +0800] "GET /nacos/console-fe/public/img/favicon.ico HTTP/1.1" 200 4286 2 Mozilla/5.0 (Windows NT 10.0; Win64; x64) AppleWebKit/537.36 (KHTML, like Gecko) Chrome/76.0.3809.132 Safari/537.36
192.168.6.236 - - [02/Sep/2019:20:46:26 +0800] "GET /nacos/ HTTP/1.1" 304 - 2 Mozilla/5.0 (Windows NT 10.0; Win64; x64) AppleWebKit/537.36 (KHTML, like Gecko) Chrome/76.0.3809.132 Safari/537.36
192.168.6.236 - - [02/Sep/2019:20:46:26 +0800] "GET /nacos/v1/console/namespaces?namespaceId= HTTP/1.1" 200 130 2 Mozilla/5.0 (Windows NT 10.0; Win64; x64) AppleWebKit/537.36 (KHTML, like Gecko) Chrome/76.0.3809.132 Safari/537.36
192.168.6.236 - - [02/Sep/2019:20:46:26 +0800] "GET /nacos/v1/console/server/state HTTP/1.1" 200 82 1 Mozilla/5.0 (Windows NT 10.0; Win64; x64) AppleWebKit/537.36 (KHTML, like Gecko) Chrome/76.0.3809.132 Safari/537.36
192.168.6.236 - - [02/Sep/2019:20:46:26 +0800] "GET /nacos/v1/ns/catalog/services?hasIpCount=true&withInstances=false&pageNo=1&pageSize=10&keyword=&namespaceId= HTTP/1.1" 200 39 1 Mozilla/5.0 (Windows NT 10.0; Win64; x64) AppleWebKit/537.36 (KHTML, like Gecko) Chrome/76.0.3809.132 Safari/537.36
192.168.6.236 - - [02/Sep/2019:20:46:27 +0800] "GET /nacos/console-fe/public/img/favicon.ico HTTP/1.1" 200 4286 2 Mozilla/5.0 (Windows NT 10.0; Win64; x64) AppleWebKit/537.36 (KHTML, like Gecko) Chrome/76.0.3809.132 Safari/537.36
192.168.6.236 - - [02/Sep/2019:20:46:27 +0800] "GET /nacos/ HTTP/1.1" 304 - 2 Mozilla/5.0 (Windows NT 10.0; Win64; x64) AppleWebKit/537.36 (KHTML, like Gecko) Chrome/76.0.3809.132 Safari/537.36
192.168.6.236 - - [02/Sep/2019:20:46:27 +0800] "GET /nacos/v1/console/namespaces?namespaceId= HTTP/1.1" 200 130 2 Mozilla/5.0 (Windows NT 10.0; Win64; x64) AppleWebKit/537.36 (KHTML, like Gecko) Chrome/76.0.3809.132 Safari/537.36
192.168.6.236 - - [02/Sep/2019:20:46:27 +0800] "GET /nacos/v1/console/server/state HTTP/1.1" 200 82 1 Mozilla/5.0 (Windows NT 10.0; Win64; x64) AppleWebKit/537.36 (KHTML, like Gecko) Chrome/76.0.3809.132 Safari/537.36
192.168.6.236 - - [02/Sep/2019:20:46:27 +0800] "GET /nacos/v1/ns/catalog/services?hasIpCount=true&withInstances=false&pageNo=1&pageSize=10&keyword=&namespaceId= HTTP/1.1" 200 39 0 Mozilla/5.0 (Windows NT 10.0; Win64; x64) AppleWebKit/537.36 (KHTML, like Gecko) Chrome/76.0.3809.132 Safari/537.36
192.168.6.236 - - [02/Sep/2019:20:46:27 +0800] "GET /nacos/console-fe/public/img/favicon.ico HTTP/1.1" 200 4286 2 Mozilla/5.0 (Windows NT 10.0; Win64; x64) AppleWebKit/537.36 (KHTML, like Gecko) Chrome/76.0.3809.132 Safari/537.36
192.168.6.236 - - [02/Sep/2019:20:46:27 +0800] "GET /nacos/ HTTP/1.1" 304 - 2 Mozilla/5.0 (Windows NT 10.0; Win64; x64) AppleWebKit/537.36 (KHTML, like Gecko) Chrome/76.0.3809.132 Safari/537.36
192.168.6.236 - - [02/Sep/2019:20:46:27 +0800] "GET /nacos/v1/console/namespaces?namespaceId= HTTP/1.1" 200 130 2 Mozilla/5.0 (Windows NT 10.0; Win64; x64) AppleWebKit/537.36 (KHTML, like Gecko) Chrome/76.0.3809.132 Safari/537.36
192.168.6.236 - - [02/Sep/2019:20:46:27 +0800] "GET /nacos/v1/console/server/state HTTP/1.1" 200 82 1 Mozilla/5.0 (Windows NT 10.0; Win64; x64) AppleWebKit/537.36 (KHTML, like Gecko) Chrome/76.0.3809.132 Safari/537.36
192.168.6.236 - - [02/Sep/2019:20:46:27 +0800] "GET /nacos/v1/ns/catalog/services?hasIpCount=true&withInstances=false&pageNo=1&pageSize=10&keyword=&namespaceId= HTTP/1.1" 200 39 1 Mozilla/5.0 (Windows NT 10.0; Win64; x64) AppleWebKit/537.36 (KHTML, like Gecko) Chrome/76.0.3809.132 Safari/537.36
192.168.6.236 - - [02/Sep/2019:20:46:27 +0800] "GET /nacos/ HTTP/1.1" 304 - 4 Mozilla/5.0 (Windows NT 10.0; Win64; x64) AppleWebKit/537.36 (KHTML, like Gecko) Chrome/76.0.3809.132 Safari/537.36
192.168.6.236 - - [02/Sep/2019:20:46:27 +0800] "GET /nacos/v1/console/namespaces?namespaceId= HTTP/1.1" 200 130 2 Mozilla/5.0 (Windows NT 10.0; Win64; x64) AppleWebKit/537.36 (KHTML, like Gecko) Chrome/76.0.3809.132 Safari/537.36
192.168.6.236 - - [02/Sep/2019:20:46:27 +0800] "GET /nacos/v1/console/server/state HTTP/1.1" 200 82 1 Mozilla/5.0 (Windows NT 10.0; Win64; x64) AppleWebKit/537.36 (KHTML, like Gecko) Chrome/76.0.3809.132 Safari/537.36
192.168.6.236 - - [02/Sep/2019:20:46:27 +0800] "GET /nacos/v1/ns/catalog/services?hasIpCount=true&withInstances=false&pageNo=1&pageSize=10&keyword=&namespaceId= HTTP/1.1" 200 39 1 Mozilla/5.0 (Windows NT 10.0; Win64; x64) AppleWebKit/537.36 (KHTML, like Gecko) Chrome/76.0.3809.132 Safari/537.36
192.168.6.236 - - [02/Sep/2019:20:46:27 +0800] "GET /nacos/ HTTP/1.1" 304 - 3 Mozilla/5.0 (Windows NT 10.0; Win64; x64) AppleWebKit/537.36 (KHTML, like Gecko) Chrome/76.0.3809.132 Safari/537.36
192.168.6.236 - - [02/Sep/2019:20:46:27 +0800] "GET /nacos/v1/console/namespaces?namespaceId= HTTP/1.1" 200 130 2 Mozilla/5.0 (Windows NT 10.0; Win64; x64) AppleWebKit/537.36 (KHTML, like Gecko) Chrome/76.0.3809.132 Safari/537.36
192.168.6.236 - - [02/Sep/2019:20:46:27 +0800] "GET /nacos/v1/console/server/state HTTP/1.1" 200 82 1 Mozilla/5.0 (Windows NT 10.0; Win64; x64) AppleWebKit/537.36 (KHTML, like Gecko) Chrome/76.0.3809.132 Safari/537.36
192.168.6.236 - - [02/Sep/2019:20:46:27 +0800] "GET /nacos/v1/ns/catalog/services?hasIpCount=true&withInstances=false&pageNo=1&pageSize=10&keyword=&namespaceId= HTTP/1.1" 200 39 2 Mozilla/5.0 (Windows NT 10.0; Win64; x64) AppleWebKit/537.36 (KHTML, like Gecko) Chrome/76.0.3809.132 Safari/537.36
192.168.6.236 - - [02/Sep/2019:20:46:27 +0800] "GET /nacos/ HTTP/1.1" 304 - 2 Mozilla/5.0 (Windows NT 10.0; Win64; x64) AppleWebKit/537.36 (KHTML, like Gecko) Chrome/76.0.3809.132 Safari/537.36
192.168.6.236 - - [02/Sep/2019:20:46:27 +0800] "GET /nacos/v1/console/namespaces?namespaceId= HTTP/1.1" 200 130 2 Mozilla/5.0 (Windows NT 10.0; Win64; x64) AppleWebKit/537.36 (KHTML, like Gecko) Chrome/76.0.3809.132 Safari/537.36
192.168.6.236 - - [02/Sep/2019:20:46:27 +0800] "GET /nacos/v1/console/server/state HTTP/1.1" 200 82 1 Mozilla/5.0 (Windows NT 10.0; Win64; x64) AppleWebKit/537.36 (KHTML, like Gecko) Chrome/76.0.3809.132 Safari/537.36
192.168.6.236 - - [02/Sep/2019:20:46:27 +0800] "GET /nacos/v1/ns/catalog/services?hasIpCount=true&withInstances=false&pageNo=1&pageSize=10&keyword=&namespaceId= HTTP/1.1" 200 39 1 Mozilla/5.0 (Windows NT 10.0; Win64; x64) AppleWebKit/537.36 (KHTML, like Gecko) Chrome/76.0.3809.132 Safari/537.36
192.168.6.236 - - [02/Sep/2019:20:46:27 +0800] "GET /nacos/console-fe/public/img/favicon.ico HTTP/1.1" 200 4286 2 Mozilla/5.0 (Windows NT 10.0; Win64; x64) AppleWebKit/537.36 (KHTML, like Gecko) Chrome/76.0.3809.132 Safari/537.36
192.168.6.236 - - [02/Sep/2019:20:46:28 +0800] "GET /nacos/ HTTP/1.1" 304 - 3 Mozilla/5.0 (Windows NT 10.0; Win64; x64) AppleWebKit/537.36 (KHTML, like Gecko) Chrome/76.0.3809.132 Safari/537.36
192.168.6.236 - - [02/Sep/2019:20:46:28 +0800] "GET /nacos/v1/console/namespaces?namespaceId= HTTP/1.1" 200 130 3 Mozilla/5.0 (Windows NT 10.0; Win64; x64) AppleWebKit/537.36 (KHTML, like Gecko) Chrome/76.0.3809.132 Safari/537.36
192.168.6.236 - - [02/Sep/2019:20:46:28 +0800] "GET /nacos/v1/console/server/state HTTP/1.1" 200 82 1 Mozilla/5.0 (Windows NT 10.0; Win64; x64) AppleWebKit/537.36 (KHTML, like Gecko) Chrome/76.0.3809.132 Safari/537.36
192.168.6.236 - - [02/Sep/2019:20:46:28 +0800] "GET /nacos/v1/ns/catalog/services?hasIpCount=true&withInstances=false&pageNo=1&pageSize=10&keyword=&namespaceId= HTTP/1.1" 200 39 1 Mozilla/5.0 (Windows NT 10.0; Win64; x64) AppleWebKit/537.36 (KHTML, like Gecko) Chrome/76.0.3809.132 Safari/537.36
192.168.6.236 - - [02/Sep/2019:20:46:28 +0800] "GET /nacos/console-fe/public/img/favicon.ico HTTP/1.1" 200 4286 2 Mozilla/5.0 (Windows NT 10.0; Win64; x64) AppleWebKit/537.36 (KHTML, like Gecko) Chrome/76.0.3809.132 Safari/537.36
192.168.6.236 - - [02/Sep/2019:20:46:29 +0800] "GET /nacos/v1/cs/health HTTP/1.1" 200 2 1 Apache-HttpAsyncClient/4.1.3 (Java/1.8.0_191)
127.0.0.1 - - [02/Sep/2019:20:46:29 +0800] "GET /nacos/v1/ns/instance/list?healthyOnly=false&namespaceId=public&clientIP=192.168.6.236&serviceName=DEFAULT_GROUP%40%40service-provider&udpPort=50960&encoding=UTF-8 HTTP/1.1" 200 259 3 Nacos-Java-Client:v1.0.1
192.168.6.236 - - [02/Sep/2019:20:46:34 +0800] "GET /nacos/v1/cs/health HTTP/1.1" 200 2 1 Apache-HttpAsyncClient/4.1.3 (Java/1.8.0_191)
192.168.6.236 - - [02/Sep/2019:20:46:39 +0800] "GET /nacos/v1/cs/health HTTP/1.1" 200 2 1 Apache-HttpAsyncClient/4.1.3 (Java/1.8.0_191)
127.0.0.1 - - [02/Sep/2019:20:46:39 +0800] "GET /nacos/v1/ns/instance/list?healthyOnly=false&namespaceId=public&clientIP=192.168.6.236&serviceName=DEFAULT_GROUP%40%40service-provider&udpPort=50960&encoding=UTF-8 HTTP/1.1" 200 259 1 Nacos-Java-Client:v1.0.1
192.168.6.236 - - [02/Sep/2019:20:46:44 +0800] "GET /nacos/v1/cs/health HTTP/1.1" 200 2 1 Apache-HttpAsyncClient/4.1.3 (Java/1.8.0_191)
127.0.0.1 - - [02/Sep/2019:20:46:48 +0800] "GET /nacos/v1/ns/service/list?pageSize=2147483647&groupName=DEFAULT_GROUP&encoding=UTF-8&namespaceId=public&pageNo=1 HTTP/1.1" 200 50 2 Nacos-Java-Client:v1.0.1
192.168.6.236 - - [02/Sep/2019:20:46:49 +0800] "GET /nacos/v1/cs/health HTTP/1.1" 200 2 1 Apache-HttpAsyncClient/4.1.3 (Java/1.8.0_191)
127.0.0.1 - - [02/Sep/2019:20:46:49 +0800] "GET /nacos/v1/ns/instance/list?healthyOnly=false&namespaceId=public&clientIP=192.168.6.236&serviceName=DEFAULT_GROUP%40%40service-provider&udpPort=50960&encoding=UTF-8 HTTP/1.1" 200 259 2 Nacos-Java-Client:v1.0.1
192.168.6.236 - - [02/Sep/2019:20:46:54 +0800] "GET /nacos/v1/cs/health HTTP/1.1" 200 2 1 Apache-HttpAsyncClient/4.1.3 (Java/1.8.0_191)
192.168.6.236 - - [02/Sep/2019:20:46:59 +0800] "GET /nacos/v1/cs/health HTTP/1.1" 200 2 1 Apache-HttpAsyncClient/4.1.3 (Java/1.8.0_191)
127.0.0.1 - - [02/Sep/2019:20:46:59 +0800] "GET /nacos/v1/ns/instance/list?healthyOnly=false&namespaceId=public&clientIP=192.168.6.236&serviceName=DEFAULT_GROUP%40%40service-provider&udpPort=50960&encoding=UTF-8 HTTP/1.1" 200 259 2 Nacos-Java-Client:v1.0.1
192.168.6.236 - - [02/Sep/2019:20:47:04 +0800] "GET /nacos/v1/cs/health HTTP/1.1" 200 2 1 Apache-HttpAsyncClient/4.1.3 (Java/1.8.0_191)
192.168.6.236 - - [02/Sep/2019:20:47:09 +0800] "GET /nacos/v1/cs/health HTTP/1.1" 200 2 2 Apache-HttpAsyncClient/4.1.3 (Java/1.8.0_191)
127.0.0.1 - - [02/Sep/2019:20:47:09 +0800] "GET /nacos/v1/ns/instance/list?healthyOnly=false&namespaceId=public&clientIP=192.168.6.236&serviceName=DEFAULT_GROUP%40%40service-provider&udpPort=50960&encoding=UTF-8 HTTP/1.1" 200 259 1 Nacos-Java-Client:v1.0.1
192.168.6.236 - - [02/Sep/2019:20:47:14 +0800] "GET /nacos/v1/cs/health HTTP/1.1" 200 2 1 Apache-HttpAsyncClient/4.1.3 (Java/1.8.0_191)
192.168.6.236 - - [02/Sep/2019:20:47:19 +0800] "GET /nacos/v1/cs/health HTTP/1.1" 200 2 0 Apache-HttpAsyncClient/4.1.3 (Java/1.8.0_191)
192.168.6.236 - - [02/Sep/2019:20:47:24 +0800] "GET /nacos/v1/cs/health HTTP/1.1" 200 2 1 Apache-HttpAsyncClient/4.1.3 (Java/1.8.0_191)
192.168.6.236 - - [02/Sep/2019:20:47:29 +0800] "GET /nacos/v1/cs/health HTTP/1.1" 200 2 1 Apache-HttpAsyncClient/4.1.3 (Java/1.8.0_191)
192.168.6.236 - - [02/Sep/2019:20:47:34 +0800] "GET /nacos/v1/cs/health HTTP/1.1" 200 2 1 Apache-HttpAsyncClient/4.1.3 (Java/1.8.0_191)
192.168.6.236 - - [02/Sep/2019:20:47:39 +0800] "GET /nacos/v1/cs/health HTTP/1.1" 200 2 1 Apache-HttpAsyncClient/4.1.3 (Java/1.8.0_191)
192.168.6.236 - - [02/Sep/2019:20:47:44 +0800] "GET /nacos/v1/cs/health HTTP/1.1" 200 2 2 Apache-HttpAsyncClient/4.1.3 (Java/1.8.0_191)
192.168.6.236 - - [02/Sep/2019:20:47:49 +0800] "GET /nacos/v1/cs/health HTTP/1.1" 200 2 1 Apache-HttpAsyncClient/4.1.3 (Java/1.8.0_191)
192.168.6.236 - - [02/Sep/2019:20:47:54 +0800] "GET /nacos/v1/cs/health HTTP/1.1" 200 2 1 Apache-HttpAsyncClient/4.1.3 (Java/1.8.0_191)
192.168.6.236 - - [02/Sep/2019:20:47:59 +0800] "GET /nacos/v1/cs/health HTTP/1.1" 200 2 2 Apache-HttpAsyncClient/4.1.3 (Java/1.8.0_191)
127.0.0.1 - - [02/Sep/2019:20:48:01 +0800] "GET /nacos/v1/ns/service/list?pageSize=2147483647&groupName=DEFAULT_GROUP&encoding=UTF-8&namespaceId=public&pageNo=1 HTTP/1.1" 200 50 2 Nacos-Java-Client:v1.0.1
127.0.0.1 - - [02/Sep/2019:20:48:01 +0800] "GET /nacos/v1/ns/instance/list?healthyOnly=false&namespaceId=public&clientIP=192.168.6.236&serviceName=DEFAULT_GROUP%40%40service-provider&udpPort=55302&encoding=UTF-8 HTTP/1.1" 200 259 2 Nacos-Java-Client:v1.0.1
127.0.0.1 - - [02/Sep/2019:20:48:02 +0800] "GET /nacos/v1/ns/instance/list?healthyOnly=false&namespaceId=public&clientIP=192.168.6.236&serviceName=DEFAULT_GROUP%40%40service-provider&udpPort=55302&encoding=UTF-8 HTTP/1.1" 200 259 1 Nacos-Java-Client:v1.0.1
192.168.6.236 - - [02/Sep/2019:20:48:04 +0800] "GET /nacos/v1/cs/health HTTP/1.1" 200 2 1 Apache-HttpAsyncClient/4.1.3 (Java/1.8.0_191)
192.168.6.236 - - [02/Sep/2019:20:48:05 +0800] "GET /nacos/ HTTP/1.1" 304 - 4 Mozilla/5.0 (Windows NT 10.0; Win64; x64) AppleWebKit/537.36 (KHTML, like Gecko) Chrome/76.0.3809.132 Safari/537.36
192.168.6.236 - - [02/Sep/2019:20:48:05 +0800] "GET /nacos/v1/console/namespaces?namespaceId= HTTP/1.1" 401 154 6 Mozilla/5.0 (Windows NT 10.0; Win64; x64) AppleWebKit/537.36 (KHTML, like Gecko) Chrome/76.0.3809.132 Safari/537.36
192.168.6.236 - - [02/Sep/2019:20:48:05 +0800] "GET /nacos/v1/console/server/state HTTP/1.1" 200 82 2 Mozilla/5.0 (Windows NT 10.0; Win64; x64) AppleWebKit/537.36 (KHTML, like Gecko) Chrome/76.0.3809.132 Safari/537.36
192.168.6.236 - - [02/Sep/2019:20:48:05 +0800] "GET /nacos/v1/ns/catalog/services?hasIpCount=true&withInstances=false&pageNo=1&pageSize=10&keyword=&namespaceId= HTTP/1.1" 200 39 2 Mozilla/5.0 (Windows NT 10.0; Win64; x64) AppleWebKit/537.36 (KHTML, like Gecko) Chrome/76.0.3809.132 Safari/537.36
192.168.6.236 - - [02/Sep/2019:20:48:07 +0800] "POST /nacos/v1/auth/login HTTP/1.1" 200 176 71 Mozilla/5.0 (Windows NT 10.0; Win64; x64) AppleWebKit/537.36 (KHTML, like Gecko) Chrome/76.0.3809.132 Safari/537.36
